25-08-15 20:59:31.883 :   task: scunet_ngswin_conv_trans_nstb_finetuned
  model: scunet_ngswin
  gpu_ids: [0]
  dist: False
  scale: 1
  n_channels: 1
  path:[
    root: training_results/conv_trans_nstb_finetuned
    task: training_results/conv_trans_nstb_finetuned/scunet_ngswin_conv_trans_nstb_finetuned
    log: training_results/conv_trans_nstb_finetuned/scunet_ngswin_conv_trans_nstb_finetuned
    options: training_results/conv_trans_nstb_finetuned/scunet_ngswin_conv_trans_nstb_finetuned/options
    models: training_results/conv_trans_nstb_finetuned/scunet_ngswin_conv_trans_nstb_finetuned/models
    images: training_results/conv_trans_nstb_finetuned/scunet_ngswin_conv_trans_nstb_finetuned/images
    pretrained_netG: None
    pretrained_netE: None
    pretrained_optimizerG: None
  ]
  datasets:[
    train:[
      name: clinical_supervised_train_clinical_training_li_ct
      dataset_type: li_ct
      dataroot_H: /home/Drive-D/clinical_metal_supervised/train
      dataloader_shuffle: True
      dataloader_num_workers: 4
      dataloader_batch_size: 2
      phase: train
      scale: 1
      n_channels: 1
    ]
    test:[
      name: syn_deeplesion_test_li_ct_li_ct
      dataset_type: li_ct
      dataroot_H: /home/Drive-D/SynDeepLesion/test_640geo
      phase: test
      scale: 1
      n_channels: 1
    ]
    test_2:[
      name: clinical_metal_test_nii_ct
      dataset_type: nii_ct
      dataroot_H: /home/Drive-D/clinical_metal
      phase: test
      scale: 1
      n_channels: 1
    ]
  ]
  netG:[
    net_type: scunet_ngswin
    in_nc: 1
    out_nc: 1
    config: [1, 1, 1, 1, 1, 1, 1]
    dim: 32
    drop_path_rate: 0.0
    input_resolution: 512
    block_variant: conv_trans_nstb
    init_type: kaiming_normal
    init_bn_type: constant
    init_gain: 1.0
    scale: 1
  ]
  train:[
    G_lossfn_type: l1
    G_lossfn_weight: 1.0
    E_decay: 0.999
    G_optimizer_type: adam
    G_optimizer_lr: 0.0001
    G_optimizer_wd: 0
    G_optimizer_betas: [0.9, 0.999]
    G_optimizer_reuse: False
    G_scheduler_type: MultiStepLR
    G_scheduler_milestones: [200000, 400000, 600000, 800000]
    G_scheduler_gamma: 0.5
    G_param_strict: True
    E_param_strict: True
    checkpoint_test: 30000
    checkpoint_save: 20000
    checkpoint_print: 1000
    use_fp16: True
    test_both_checkpoints: True
    test_save_every_nth: 10
    F_feature_layer: 34
    F_weights: 1.0
    F_lossfn_type: l1
    F_use_input_norm: True
    F_use_range_norm: False
    G_scheduler_restart_weights: 1
  ]
  opt_path: options/train_scunet_ngswin_4_finetune_conv_trans_nstb.json
  is_train: True
  merge_bn: False
  merge_bn_startpoint: -1
  find_unused_parameters: False
  use_static_graph: False
  num_gpu: 1
  device: cuda

25-08-15 20:59:31.883 : Using device: cuda
25-08-15 20:59:31.978 : Total samples: 13,438 | Train: 12,095 (90.0%) | Validation: 1,343 (10.0%)
25-08-15 20:59:31.978 : Training iters per epoch: 6,048
25-08-15 20:59:32.001 : Test set samples: 2,000
25-08-15 20:59:33.002 : 
Networks name: SCUNet_NGSwin
Params number: 6881982
Net structure:
SCUNet_NGSwin(
  (m_head): Sequential(
    (0): Conv2d(1, 64, kernel_size=(3, 3), stride=(1, 1), padding=(1, 1), bias=False)
  )
  (m_down1): Sequential(
    (0): ConvTransNSTBBlock(
      (conv1_1): Conv2d(64, 64, kernel_size=(1, 1), stride=(1, 1))
      (conv_block): Sequential(
        (0): Conv2d(32, 32, kernel_size=(3, 3), stride=(1, 1), padding=(1, 1), bias=False)
        (1): ReLU(inplace=True)
        (2): Conv2d(32, 32, kernel_size=(3, 3), stride=(1, 1), padding=(1, 1), bias=False)
      )
      (trans_block): Block(
        (ln1): LayerNorm((32,), eps=1e-05, elementwise_affine=True)
        (msa): WMSA(
          (embedding_layer): Linear(in_features=32, out_features=96, bias=True)
          (linear): Linear(in_features=32, out_features=32, bias=True)
        )
        (drop_path): Identity()
        (ln2): LayerNorm((32,), eps=1e-05, elementwise_affine=True)
        (mlp): Sequential(
          (0): Linear(in_features=32, out_features=128, bias=True)
          (1): GELU(approximate='none')
          (2): Linear(in_features=128, out_features=32, bias=True)
        )
      )
      (nstb_block): NSTB(
        (ngram_window_partition): NGramWindowPartition(
          (ngram_context): NGramContext(
            (unigram_embed): Conv2d(32, 16, kernel_size=(8, 8), stride=(8, 8), groups=16)
            (ngram_attn): WindowAttention(
              (qkv): Linear(in_features=16, out_features=48, bias=True)
              (attn_drop): Dropout(p=0.0, inplace=False)
              (proj): Linear(in_features=16, out_features=16, bias=True)
              (proj_drop): Dropout(p=0.0, inplace=False)
              (softmax): Softmax(dim=-1)
            )
            (avg_pool): AvgPool2d(kernel_size=2, stride=2, padding=0)
            (merge): Conv2d(32, 32, kernel_size=(1, 1), stride=(1, 1))
          )
        )
        (attn): WindowAttention(
          (qkv): Linear(in_features=32, out_features=96, bias=True)
          (attn_drop): Dropout(p=0.0, inplace=False)
          (proj): Linear(in_features=32, out_features=32, bias=True)
          (proj_drop): Dropout(p=0.0, inplace=False)
          (softmax): Softmax(dim=-1)
        )
        (norm1): LayerNorm((32,), eps=1e-05, elementwise_affine=True)
        (drop_path): Identity()
        (ffn): Mlp(
          (fc1): Linear(in_features=32, out_features=64, bias=True)
          (act): GELU(approximate='none')
          (drop1): Dropout(p=0.0, inplace=False)
          (norm): Identity()
          (fc2): Linear(in_features=64, out_features=32, bias=True)
          (drop2): Dropout(p=0.0, inplace=False)
        )
        (norm2): LayerNorm((32,), eps=1e-05, elementwise_affine=True)
      )
      (conv1_2): Conv2d(96, 64, kernel_size=(1, 1), stride=(1, 1))
    )
    (1): Conv2d(64, 128, kernel_size=(2, 2), stride=(2, 2), bias=False)
  )
  (m_down2): Sequential(
    (0): ConvTransNSTBBlock(
      (conv1_1): Conv2d(128, 128, kernel_size=(1, 1), stride=(1, 1))
      (conv_block): Sequential(
        (0): Conv2d(64, 64, kernel_size=(3, 3), stride=(1, 1), padding=(1, 1), bias=False)
        (1): ReLU(inplace=True)
        (2): Conv2d(64, 64, kernel_size=(3, 3), stride=(1, 1), padding=(1, 1), bias=False)
      )
      (trans_block): Block(
        (ln1): LayerNorm((64,), eps=1e-05, elementwise_affine=True)
        (msa): WMSA(
          (embedding_layer): Linear(in_features=64, out_features=192, bias=True)
          (linear): Linear(in_features=64, out_features=64, bias=True)
        )
        (drop_path): Identity()
        (ln2): LayerNorm((64,), eps=1e-05, elementwise_affine=True)
        (mlp): Sequential(
          (0): Linear(in_features=64, out_features=256, bias=True)
          (1): GELU(approximate='none')
          (2): Linear(in_features=256, out_features=64, bias=True)
        )
      )
      (nstb_block): NSTB(
        (ngram_window_partition): NGramWindowPartition(
          (ngram_context): NGramContext(
            (unigram_embed): Conv2d(64, 32, kernel_size=(8, 8), stride=(8, 8), groups=32)
            (ngram_attn): WindowAttention(
              (qkv): Linear(in_features=32, out_features=96, bias=True)
              (attn_drop): Dropout(p=0.0, inplace=False)
              (proj): Linear(in_features=32, out_features=32, bias=True)
              (proj_drop): Dropout(p=0.0, inplace=False)
              (softmax): Softmax(dim=-1)
            )
            (avg_pool): AvgPool2d(kernel_size=2, stride=2, padding=0)
            (merge): Conv2d(64, 64, kernel_size=(1, 1), stride=(1, 1))
          )
        )
        (attn): WindowAttention(
          (qkv): Linear(in_features=64, out_features=192, bias=True)
          (attn_drop): Dropout(p=0.0, inplace=False)
          (proj): Linear(in_features=64, out_features=64, bias=True)
          (proj_drop): Dropout(p=0.0, inplace=False)
          (softmax): Softmax(dim=-1)
        )
        (norm1): LayerNorm((64,), eps=1e-05, elementwise_affine=True)
        (drop_path): Identity()
        (ffn): Mlp(
          (fc1): Linear(in_features=64, out_features=128, bias=True)
          (act): GELU(approximate='none')
          (drop1): Dropout(p=0.0, inplace=False)
          (norm): Identity()
          (fc2): Linear(in_features=128, out_features=64, bias=True)
          (drop2): Dropout(p=0.0, inplace=False)
        )
        (norm2): LayerNorm((64,), eps=1e-05, elementwise_affine=True)
      )
      (conv1_2): Conv2d(192, 128, kernel_size=(1, 1), stride=(1, 1))
    )
    (1): Conv2d(128, 256, kernel_size=(2, 2), stride=(2, 2), bias=False)
  )
  (m_down3): Sequential(
    (0): ConvTransNSTBBlock(
      (conv1_1): Conv2d(256, 256, kernel_size=(1, 1), stride=(1, 1))
      (conv_block): Sequential(
        (0): Conv2d(128, 128, kernel_size=(3, 3), stride=(1, 1), padding=(1, 1), bias=False)
        (1): ReLU(inplace=True)
        (2): Conv2d(128, 128, kernel_size=(3, 3), stride=(1, 1), padding=(1, 1), bias=False)
      )
      (trans_block): Block(
        (ln1): LayerNorm((128,), eps=1e-05, elementwise_affine=True)
        (msa): WMSA(
          (embedding_layer): Linear(in_features=128, out_features=384, bias=True)
          (linear): Linear(in_features=128, out_features=128, bias=True)
        )
        (drop_path): Identity()
        (ln2): LayerNorm((128,), eps=1e-05, elementwise_affine=True)
        (mlp): Sequential(
          (0): Linear(in_features=128, out_features=512, bias=True)
          (1): GELU(approximate='none')
          (2): Linear(in_features=512, out_features=128, bias=True)
        )
      )
      (nstb_block): NSTB(
        (ngram_window_partition): NGramWindowPartition(
          (ngram_context): NGramContext(
            (unigram_embed): Conv2d(128, 64, kernel_size=(8, 8), stride=(8, 8), groups=64)
            (ngram_attn): WindowAttention(
              (qkv): Linear(in_features=64, out_features=192, bias=True)
              (attn_drop): Dropout(p=0.0, inplace=False)
              (proj): Linear(in_features=64, out_features=64, bias=True)
              (proj_drop): Dropout(p=0.0, inplace=False)
              (softmax): Softmax(dim=-1)
            )
            (avg_pool): AvgPool2d(kernel_size=2, stride=2, padding=0)
            (merge): Conv2d(128, 128, kernel_size=(1, 1), stride=(1, 1))
          )
        )
        (attn): WindowAttention(
          (qkv): Linear(in_features=128, out_features=384, bias=True)
          (attn_drop): Dropout(p=0.0, inplace=False)
          (proj): Linear(in_features=128, out_features=128, bias=True)
          (proj_drop): Dropout(p=0.0, inplace=False)
          (softmax): Softmax(dim=-1)
        )
        (norm1): LayerNorm((128,), eps=1e-05, elementwise_affine=True)
        (drop_path): Identity()
        (ffn): Mlp(
          (fc1): Linear(in_features=128, out_features=256, bias=True)
          (act): GELU(approximate='none')
          (drop1): Dropout(p=0.0, inplace=False)
          (norm): Identity()
          (fc2): Linear(in_features=256, out_features=128, bias=True)
          (drop2): Dropout(p=0.0, inplace=False)
        )
        (norm2): LayerNorm((128,), eps=1e-05, elementwise_affine=True)
      )
      (conv1_2): Conv2d(384, 256, kernel_size=(1, 1), stride=(1, 1))
    )
    (1): Conv2d(256, 512, kernel_size=(2, 2), stride=(2, 2), bias=False)
  )
  (m_body): Sequential(
    (0): ConvTransNSTBBlock(
      (conv1_1): Conv2d(512, 512, kernel_size=(1, 1), stride=(1, 1))
      (conv_block): Sequential(
        (0): Conv2d(256, 256, kernel_size=(3, 3), stride=(1, 1), padding=(1, 1), bias=False)
        (1): ReLU(inplace=True)
        (2): Conv2d(256, 256, kernel_size=(3, 3), stride=(1, 1), padding=(1, 1), bias=False)
      )
      (trans_block): Block(
        (ln1): LayerNorm((256,), eps=1e-05, elementwise_affine=True)
        (msa): WMSA(
          (embedding_layer): Linear(in_features=256, out_features=768, bias=True)
          (linear): Linear(in_features=256, out_features=256, bias=True)
        )
        (drop_path): Identity()
        (ln2): LayerNorm((256,), eps=1e-05, elementwise_affine=True)
        (mlp): Sequential(
          (0): Linear(in_features=256, out_features=1024, bias=True)
          (1): GELU(approximate='none')
          (2): Linear(in_features=1024, out_features=256, bias=True)
        )
      )
      (nstb_block): NSTB(
        (ngram_window_partition): NGramWindowPartition(
          (ngram_context): NGramContext(
            (unigram_embed): Conv2d(256, 128, kernel_size=(8, 8), stride=(8, 8), groups=128)
            (ngram_attn): WindowAttention(
              (qkv): Linear(in_features=128, out_features=384, bias=True)
              (attn_drop): Dropout(p=0.0, inplace=False)
              (proj): Linear(in_features=128, out_features=128, bias=True)
              (proj_drop): Dropout(p=0.0, inplace=False)
              (softmax): Softmax(dim=-1)
            )
            (avg_pool): AvgPool2d(kernel_size=2, stride=2, padding=0)
            (merge): Conv2d(256, 256, kernel_size=(1, 1), stride=(1, 1))
          )
        )
        (attn): WindowAttention(
          (qkv): Linear(in_features=256, out_features=768, bias=True)
          (attn_drop): Dropout(p=0.0, inplace=False)
          (proj): Linear(in_features=256, out_features=256, bias=True)
          (proj_drop): Dropout(p=0.0, inplace=False)
          (softmax): Softmax(dim=-1)
        )
        (norm1): LayerNorm((256,), eps=1e-05, elementwise_affine=True)
        (drop_path): Identity()
        (ffn): Mlp(
          (fc1): Linear(in_features=256, out_features=512, bias=True)
          (act): GELU(approximate='none')
          (drop1): Dropout(p=0.0, inplace=False)
          (norm): Identity()
          (fc2): Linear(in_features=512, out_features=256, bias=True)
          (drop2): Dropout(p=0.0, inplace=False)
        )
        (norm2): LayerNorm((256,), eps=1e-05, elementwise_affine=True)
      )
      (conv1_2): Conv2d(768, 512, kernel_size=(1, 1), stride=(1, 1))
    )
  )
  (m_up3): Sequential(
    (0): ConvTranspose2d(512, 256, kernel_size=(2, 2), stride=(2, 2), bias=False)
    (1): ConvTransNSTBBlock(
      (conv1_1): Conv2d(256, 256, kernel_size=(1, 1), stride=(1, 1))
      (conv_block): Sequential(
        (0): Conv2d(128, 128, kernel_size=(3, 3), stride=(1, 1), padding=(1, 1), bias=False)
        (1): ReLU(inplace=True)
        (2): Conv2d(128, 128, kernel_size=(3, 3), stride=(1, 1), padding=(1, 1), bias=False)
      )
      (trans_block): Block(
        (ln1): LayerNorm((128,), eps=1e-05, elementwise_affine=True)
        (msa): WMSA(
          (embedding_layer): Linear(in_features=128, out_features=384, bias=True)
          (linear): Linear(in_features=128, out_features=128, bias=True)
        )
        (drop_path): Identity()
        (ln2): LayerNorm((128,), eps=1e-05, elementwise_affine=True)
        (mlp): Sequential(
          (0): Linear(in_features=128, out_features=512, bias=True)
          (1): GELU(approximate='none')
          (2): Linear(in_features=512, out_features=128, bias=True)
        )
      )
      (nstb_block): NSTB(
        (ngram_window_partition): NGramWindowPartition(
          (ngram_context): NGramContext(
            (unigram_embed): Conv2d(128, 64, kernel_size=(8, 8), stride=(8, 8), groups=64)
            (ngram_attn): WindowAttention(
              (qkv): Linear(in_features=64, out_features=192, bias=True)
              (attn_drop): Dropout(p=0.0, inplace=False)
              (proj): Linear(in_features=64, out_features=64, bias=True)
              (proj_drop): Dropout(p=0.0, inplace=False)
              (softmax): Softmax(dim=-1)
            )
            (avg_pool): AvgPool2d(kernel_size=2, stride=2, padding=0)
            (merge): Conv2d(128, 128, kernel_size=(1, 1), stride=(1, 1))
          )
        )
        (attn): WindowAttention(
          (qkv): Linear(in_features=128, out_features=384, bias=True)
          (attn_drop): Dropout(p=0.0, inplace=False)
          (proj): Linear(in_features=128, out_features=128, bias=True)
          (proj_drop): Dropout(p=0.0, inplace=False)
          (softmax): Softmax(dim=-1)
        )
        (norm1): LayerNorm((128,), eps=1e-05, elementwise_affine=True)
        (drop_path): Identity()
        (ffn): Mlp(
          (fc1): Linear(in_features=128, out_features=256, bias=True)
          (act): GELU(approximate='none')
          (drop1): Dropout(p=0.0, inplace=False)
          (norm): Identity()
          (fc2): Linear(in_features=256, out_features=128, bias=True)
          (drop2): Dropout(p=0.0, inplace=False)
        )
        (norm2): LayerNorm((128,), eps=1e-05, elementwise_affine=True)
      )
      (conv1_2): Conv2d(384, 256, kernel_size=(1, 1), stride=(1, 1))
    )
  )
  (m_up2): Sequential(
    (0): ConvTranspose2d(256, 128, kernel_size=(2, 2), stride=(2, 2), bias=False)
    (1): ConvTransNSTBBlock(
      (conv1_1): Conv2d(128, 128, kernel_size=(1, 1), stride=(1, 1))
      (conv_block): Sequential(
        (0): Conv2d(64, 64, kernel_size=(3, 3), stride=(1, 1), padding=(1, 1), bias=False)
        (1): ReLU(inplace=True)
        (2): Conv2d(64, 64, kernel_size=(3, 3), stride=(1, 1), padding=(1, 1), bias=False)
      )
      (trans_block): Block(
        (ln1): LayerNorm((64,), eps=1e-05, elementwise_affine=True)
        (msa): WMSA(
          (embedding_layer): Linear(in_features=64, out_features=192, bias=True)
          (linear): Linear(in_features=64, out_features=64, bias=True)
        )
        (drop_path): Identity()
        (ln2): LayerNorm((64,), eps=1e-05, elementwise_affine=True)
        (mlp): Sequential(
          (0): Linear(in_features=64, out_features=256, bias=True)
          (1): GELU(approximate='none')
          (2): Linear(in_features=256, out_features=64, bias=True)
        )
      )
      (nstb_block): NSTB(
        (ngram_window_partition): NGramWindowPartition(
          (ngram_context): NGramContext(
            (unigram_embed): Conv2d(64, 32, kernel_size=(8, 8), stride=(8, 8), groups=32)
            (ngram_attn): WindowAttention(
              (qkv): Linear(in_features=32, out_features=96, bias=True)
              (attn_drop): Dropout(p=0.0, inplace=False)
              (proj): Linear(in_features=32, out_features=32, bias=True)
              (proj_drop): Dropout(p=0.0, inplace=False)
              (softmax): Softmax(dim=-1)
            )
            (avg_pool): AvgPool2d(kernel_size=2, stride=2, padding=0)
            (merge): Conv2d(64, 64, kernel_size=(1, 1), stride=(1, 1))
          )
        )
        (attn): WindowAttention(
          (qkv): Linear(in_features=64, out_features=192, bias=True)
          (attn_drop): Dropout(p=0.0, inplace=False)
          (proj): Linear(in_features=64, out_features=64, bias=True)
          (proj_drop): Dropout(p=0.0, inplace=False)
          (softmax): Softmax(dim=-1)
        )
        (norm1): LayerNorm((64,), eps=1e-05, elementwise_affine=True)
        (drop_path): Identity()
        (ffn): Mlp(
          (fc1): Linear(in_features=64, out_features=128, bias=True)
          (act): GELU(approximate='none')
          (drop1): Dropout(p=0.0, inplace=False)
          (norm): Identity()
          (fc2): Linear(in_features=128, out_features=64, bias=True)
          (drop2): Dropout(p=0.0, inplace=False)
        )
        (norm2): LayerNorm((64,), eps=1e-05, elementwise_affine=True)
      )
      (conv1_2): Conv2d(192, 128, kernel_size=(1, 1), stride=(1, 1))
    )
  )
  (m_up1): Sequential(
    (0): ConvTranspose2d(128, 64, kernel_size=(2, 2), stride=(2, 2), bias=False)
    (1): ConvTransNSTBBlock(
      (conv1_1): Conv2d(64, 64, kernel_size=(1, 1), stride=(1, 1))
      (conv_block): Sequential(
        (0): Conv2d(32, 32, kernel_size=(3, 3), stride=(1, 1), padding=(1, 1), bias=False)
        (1): ReLU(inplace=True)
        (2): Conv2d(32, 32, kernel_size=(3, 3), stride=(1, 1), padding=(1, 1), bias=False)
      )
      (trans_block): Block(
        (ln1): LayerNorm((32,), eps=1e-05, elementwise_affine=True)
        (msa): WMSA(
          (embedding_layer): Linear(in_features=32, out_features=96, bias=True)
          (linear): Linear(in_features=32, out_features=32, bias=True)
        )
        (drop_path): Identity()
        (ln2): LayerNorm((32,), eps=1e-05, elementwise_affine=True)
        (mlp): Sequential(
          (0): Linear(in_features=32, out_features=128, bias=True)
          (1): GELU(approximate='none')
          (2): Linear(in_features=128, out_features=32, bias=True)
        )
      )
      (nstb_block): NSTB(
        (ngram_window_partition): NGramWindowPartition(
          (ngram_context): NGramContext(
            (unigram_embed): Conv2d(32, 16, kernel_size=(8, 8), stride=(8, 8), groups=16)
            (ngram_attn): WindowAttention(
              (qkv): Linear(in_features=16, out_features=48, bias=True)
              (attn_drop): Dropout(p=0.0, inplace=False)
              (proj): Linear(in_features=16, out_features=16, bias=True)
              (proj_drop): Dropout(p=0.0, inplace=False)
              (softmax): Softmax(dim=-1)
            )
            (avg_pool): AvgPool2d(kernel_size=2, stride=2, padding=0)
            (merge): Conv2d(32, 32, kernel_size=(1, 1), stride=(1, 1))
          )
        )
        (attn): WindowAttention(
          (qkv): Linear(in_features=32, out_features=96, bias=True)
          (attn_drop): Dropout(p=0.0, inplace=False)
          (proj): Linear(in_features=32, out_features=32, bias=True)
          (proj_drop): Dropout(p=0.0, inplace=False)
          (softmax): Softmax(dim=-1)
        )
        (norm1): LayerNorm((32,), eps=1e-05, elementwise_affine=True)
        (drop_path): Identity()
        (ffn): Mlp(
          (fc1): Linear(in_features=32, out_features=64, bias=True)
          (act): GELU(approximate='none')
          (drop1): Dropout(p=0.0, inplace=False)
          (norm): Identity()
          (fc2): Linear(in_features=64, out_features=32, bias=True)
          (drop2): Dropout(p=0.0, inplace=False)
        )
        (norm2): LayerNorm((32,), eps=1e-05, elementwise_affine=True)
      )
      (conv1_2): Conv2d(96, 64, kernel_size=(1, 1), stride=(1, 1))
    )
  )
  (m_tail): Sequential(
    (0): Conv2d(64, 1, kernel_size=(3, 3), stride=(1, 1), padding=(1, 1), bias=False)
  )
)

25-08-15 20:59:33.042 : 
 |  mean  |  min   |  max   |  std   || shape               
 | -0.002 | -0.333 |  0.332 |  0.193 | torch.Size([64, 1, 3, 3]) || m_head.0.weight
 |  0.002 | -0.125 |  0.125 |  0.072 | torch.Size([64, 64, 1, 1]) || m_down1.0.conv1_1.weight
 | -0.006 | -0.125 |  0.114 |  0.069 | torch.Size([64]) || m_down1.0.conv1_1.bias
 |  0.000 | -0.059 |  0.059 |  0.034 | torch.Size([32, 32, 3, 3]) || m_down1.0.conv_block.0.weight
 | -0.000 | -0.059 |  0.059 |  0.034 | torch.Size([32, 32, 3, 3]) || m_down1.0.conv_block.2.weight
 |  1.000 |  1.000 |  1.000 |  0.000 | torch.Size([32]) || m_down1.0.trans_block.ln1.weight
 |  0.000 |  0.000 |  0.000 |  0.000 | torch.Size([32]) || m_down1.0.trans_block.ln1.bias
 | -0.000 | -0.045 |  0.053 |  0.019 | torch.Size([1, 15, 15]) || m_down1.0.trans_block.msa.relative_position_params
 | -0.002 | -0.177 |  0.177 |  0.102 | torch.Size([96, 32]) || m_down1.0.trans_block.msa.embedding_layer.weight
 | -0.016 | -0.174 |  0.174 |  0.101 | torch.Size([96]) || m_down1.0.trans_block.msa.embedding_layer.bias
 |  0.006 | -0.177 |  0.177 |  0.100 | torch.Size([32, 32]) || m_down1.0.trans_block.msa.linear.weight
 |  0.007 | -0.173 |  0.174 |  0.105 | torch.Size([32]) || m_down1.0.trans_block.msa.linear.bias
 |  1.000 |  1.000 |  1.000 |  0.000 | torch.Size([32]) || m_down1.0.trans_block.ln2.weight
 |  0.000 |  0.000 |  0.000 |  0.000 | torch.Size([32]) || m_down1.0.trans_block.ln2.bias
 | -0.004 | -0.177 |  0.177 |  0.102 | torch.Size([128, 32]) || m_down1.0.trans_block.mlp.0.weight
 |  0.002 | -0.168 |  0.172 |  0.101 | torch.Size([128]) || m_down1.0.trans_block.mlp.0.bias
 |  0.001 | -0.088 |  0.088 |  0.051 | torch.Size([32, 128]) || m_down1.0.trans_block.mlp.2.weight
 | -0.000 | -0.062 |  0.088 |  0.051 | torch.Size([32]) || m_down1.0.trans_block.mlp.2.bias
 | -12.109 | -100.000 |  0.000 | 32.624 | torch.Size([64, 64, 64]) || m_down1.0.nstb_block.attn_mask
 |  0.001 | -0.088 |  0.088 |  0.052 | torch.Size([16, 2, 8, 8]) || m_down1.0.nstb_block.ngram_window_partition.ngram_context.unigram_embed.weight
 | -0.004 | -0.088 |  0.074 |  0.054 | torch.Size([16]) || m_down1.0.nstb_block.ngram_window_partition.ngram_context.unigram_embed.bias
 |  2.303 |  2.303 |  2.303 |    nan | torch.Size([1, 1, 1]) || m_down1.0.nstb_block.ngram_window_partition.ngram_context.ngram_attn.logit_scale
 |  0.004 | -0.020 |  0.033 |  0.017 | torch.Size([9, 1]) || m_down1.0.nstb_block.ngram_window_partition.ngram_context.ngram_attn.relative_position_bias_table
 |  4.000 |  0.000 |  8.000 |  2.309 | torch.Size([4, 4]) || m_down1.0.nstb_block.ngram_window_partition.ngram_context.ngram_attn.relative_position_index
 | -0.005 | -0.250 |  0.250 |  0.143 | torch.Size([48, 16]) || m_down1.0.nstb_block.ngram_window_partition.ngram_context.ngram_attn.qkv.weight
 | -0.005 | -0.238 |  0.240 |  0.139 | torch.Size([48]) || m_down1.0.nstb_block.ngram_window_partition.ngram_context.ngram_attn.qkv.bias
 | -0.000 | -0.248 |  0.249 |  0.143 | torch.Size([16, 16]) || m_down1.0.nstb_block.ngram_window_partition.ngram_context.ngram_attn.proj.weight
 | -0.016 | -0.200 |  0.209 |  0.137 | torch.Size([16]) || m_down1.0.nstb_block.ngram_window_partition.ngram_context.ngram_attn.proj.bias
 | -0.001 | -0.177 |  0.176 |  0.101 | torch.Size([32, 32, 1, 1]) || m_down1.0.nstb_block.ngram_window_partition.ngram_context.merge.weight
 |  0.008 | -0.164 |  0.166 |  0.121 | torch.Size([32]) || m_down1.0.nstb_block.ngram_window_partition.ngram_context.merge.bias
 |  2.303 |  2.303 |  2.303 |    nan | torch.Size([1, 1, 1]) || m_down1.0.nstb_block.attn.logit_scale
 |  0.002 | -0.063 |  0.057 |  0.020 | torch.Size([225, 1]) || m_down1.0.nstb_block.attn.relative_position_bias_table
 | 112.000 |  0.000 | 224.000 | 48.719 | torch.Size([64, 64]) || m_down1.0.nstb_block.attn.relative_position_index
 | -0.001 | -0.177 |  0.177 |  0.101 | torch.Size([96, 32]) || m_down1.0.nstb_block.attn.qkv.weight
 |  0.004 | -0.166 |  0.174 |  0.099 | torch.Size([96]) || m_down1.0.nstb_block.attn.qkv.bias
 | -0.004 | -0.176 |  0.176 |  0.101 | torch.Size([32, 32]) || m_down1.0.nstb_block.attn.proj.weight
 |  0.009 | -0.150 |  0.172 |  0.108 | torch.Size([32]) || m_down1.0.nstb_block.attn.proj.bias
 |  1.000 |  1.000 |  1.000 |  0.000 | torch.Size([32]) || m_down1.0.nstb_block.norm1.weight
 |  0.000 |  0.000 |  0.000 |  0.000 | torch.Size([32]) || m_down1.0.nstb_block.norm1.bias
 |  0.004 | -0.177 |  0.177 |  0.103 | torch.Size([64, 32]) || m_down1.0.nstb_block.ffn.fc1.weight
 | -0.004 | -0.173 |  0.162 |  0.097 | torch.Size([64]) || m_down1.0.nstb_block.ffn.fc1.bias
 |  0.000 | -0.125 |  0.125 |  0.073 | torch.Size([32, 64]) || m_down1.0.nstb_block.ffn.fc2.weight
 | -0.001 | -0.111 |  0.114 |  0.073 | torch.Size([32]) || m_down1.0.nstb_block.ffn.fc2.bias
 |  1.000 |  1.000 |  1.000 |  0.000 | torch.Size([32]) || m_down1.0.nstb_block.norm2.weight
 |  0.000 |  0.000 |  0.000 |  0.000 | torch.Size([32]) || m_down1.0.nstb_block.norm2.bias
 | -0.001 | -0.102 |  0.102 |  0.059 | torch.Size([64, 96, 1, 1]) || m_down1.0.conv1_2.weight
 |  0.014 | -0.101 |  0.102 |  0.062 | torch.Size([64]) || m_down1.0.conv1_2.bias
 |  0.000 | -0.062 |  0.062 |  0.036 | torch.Size([128, 64, 2, 2]) || m_down1.1.weight
 | -0.000 | -0.088 |  0.088 |  0.051 | torch.Size([128, 128, 1, 1]) || m_down2.0.conv1_1.weight
 |  0.002 | -0.085 |  0.085 |  0.052 | torch.Size([128]) || m_down2.0.conv1_1.bias
 |  0.000 | -0.042 |  0.042 |  0.024 | torch.Size([64, 64, 3, 3]) || m_down2.0.conv_block.0.weight
 |  0.000 | -0.042 |  0.042 |  0.024 | torch.Size([64, 64, 3, 3]) || m_down2.0.conv_block.2.weight
 |  1.000 |  1.000 |  1.000 |  0.000 | torch.Size([64]) || m_down2.0.trans_block.ln1.weight
 |  0.000 |  0.000 |  0.000 |  0.000 | torch.Size([64]) || m_down2.0.trans_block.ln1.bias
 |  0.001 | -0.064 |  0.056 |  0.020 | torch.Size([2, 15, 15]) || m_down2.0.trans_block.msa.relative_position_params
 | -0.000 | -0.125 |  0.125 |  0.072 | torch.Size([192, 64]) || m_down2.0.trans_block.msa.embedding_layer.weight
 | -0.004 | -0.124 |  0.123 |  0.077 | torch.Size([192]) || m_down2.0.trans_block.msa.embedding_layer.bias
 | -0.002 | -0.125 |  0.125 |  0.073 | torch.Size([64, 64]) || m_down2.0.trans_block.msa.linear.weight
 |  0.004 | -0.114 |  0.115 |  0.073 | torch.Size([64]) || m_down2.0.trans_block.msa.linear.bias
 |  1.000 |  1.000 |  1.000 |  0.000 | torch.Size([64]) || m_down2.0.trans_block.ln2.weight
 |  0.000 |  0.000 |  0.000 |  0.000 | torch.Size([64]) || m_down2.0.trans_block.ln2.bias
 | -0.001 | -0.125 |  0.125 |  0.072 | torch.Size([256, 64]) || m_down2.0.trans_block.mlp.0.weight
 |  0.000 | -0.125 |  0.124 |  0.073 | torch.Size([256]) || m_down2.0.trans_block.mlp.0.bias
 | -0.000 | -0.062 |  0.062 |  0.036 | torch.Size([64, 256]) || m_down2.0.trans_block.mlp.2.weight
 | -0.001 | -0.060 |  0.061 |  0.036 | torch.Size([64]) || m_down2.0.trans_block.mlp.2.bias
 | -23.438 | -100.000 |  0.000 | 42.361 | torch.Size([16, 64, 64]) || m_down2.0.nstb_block.attn_mask
 |  0.000 | -0.088 |  0.088 |  0.051 | torch.Size([32, 2, 8, 8]) || m_down2.0.nstb_block.ngram_window_partition.ngram_context.unigram_embed.weight
 | -0.007 | -0.080 |  0.088 |  0.050 | torch.Size([32]) || m_down2.0.nstb_block.ngram_window_partition.ngram_context.unigram_embed.bias
 |  2.303 |  2.303 |  2.303 |  0.000 | torch.Size([2, 1, 1]) || m_down2.0.nstb_block.ngram_window_partition.ngram_context.ngram_attn.logit_scale
 | -0.002 | -0.033 |  0.037 |  0.018 | torch.Size([9, 2]) || m_down2.0.nstb_block.ngram_window_partition.ngram_context.ngram_attn.relative_position_bias_table
 |  4.000 |  0.000 |  8.000 |  2.309 | torch.Size([4, 4]) || m_down2.0.nstb_block.ngram_window_partition.ngram_context.ngram_attn.relative_position_index
 |  0.001 | -0.177 |  0.177 |  0.102 | torch.Size([96, 32]) || m_down2.0.nstb_block.ngram_window_partition.ngram_context.ngram_attn.qkv.weight
 | -0.005 | -0.170 |  0.177 |  0.095 | torch.Size([96]) || m_down2.0.nstb_block.ngram_window_partition.ngram_context.ngram_attn.qkv.bias
 |  0.004 | -0.177 |  0.177 |  0.105 | torch.Size([32, 32]) || m_down2.0.nstb_block.ngram_window_partition.ngram_context.ngram_attn.proj.weight
 |  0.009 | -0.161 |  0.174 |  0.104 | torch.Size([32]) || m_down2.0.nstb_block.ngram_window_partition.ngram_context.ngram_attn.proj.bias
 | -0.001 | -0.125 |  0.125 |  0.072 | torch.Size([64, 64, 1, 1]) || m_down2.0.nstb_block.ngram_window_partition.ngram_context.merge.weight
 |  0.012 | -0.110 |  0.122 |  0.071 | torch.Size([64]) || m_down2.0.nstb_block.ngram_window_partition.ngram_context.merge.bias
 |  2.303 |  2.303 |  2.303 |  0.000 | torch.Size([2, 1, 1]) || m_down2.0.nstb_block.attn.logit_scale
 |  0.000 | -0.060 |  0.064 |  0.020 | torch.Size([225, 2]) || m_down2.0.nstb_block.attn.relative_position_bias_table
 | 112.000 |  0.000 | 224.000 | 48.719 | torch.Size([64, 64]) || m_down2.0.nstb_block.attn.relative_position_index
 | -0.001 | -0.125 |  0.125 |  0.072 | torch.Size([192, 64]) || m_down2.0.nstb_block.attn.qkv.weight
 |  0.002 | -0.125 |  0.124 |  0.070 | torch.Size([192]) || m_down2.0.nstb_block.attn.qkv.bias
 |  0.000 | -0.125 |  0.125 |  0.072 | torch.Size([64, 64]) || m_down2.0.nstb_block.attn.proj.weight
 |  0.001 | -0.124 |  0.120 |  0.077 | torch.Size([64]) || m_down2.0.nstb_block.attn.proj.bias
 |  1.000 |  1.000 |  1.000 |  0.000 | torch.Size([64]) || m_down2.0.nstb_block.norm1.weight
 |  0.000 |  0.000 |  0.000 |  0.000 | torch.Size([64]) || m_down2.0.nstb_block.norm1.bias
 | -0.000 | -0.125 |  0.125 |  0.072 | torch.Size([128, 64]) || m_down2.0.nstb_block.ffn.fc1.weight
 |  0.004 | -0.123 |  0.124 |  0.070 | torch.Size([128]) || m_down2.0.nstb_block.ffn.fc1.bias
 | -0.000 | -0.088 |  0.088 |  0.051 | torch.Size([64, 128]) || m_down2.0.nstb_block.ffn.fc2.weight
 |  0.004 | -0.087 |  0.088 |  0.050 | torch.Size([64]) || m_down2.0.nstb_block.ffn.fc2.bias
 |  1.000 |  1.000 |  1.000 |  0.000 | torch.Size([64]) || m_down2.0.nstb_block.norm2.weight
 |  0.000 |  0.000 |  0.000 |  0.000 | torch.Size([64]) || m_down2.0.nstb_block.norm2.bias
 | -0.000 | -0.072 |  0.072 |  0.042 | torch.Size([128, 192, 1, 1]) || m_down2.0.conv1_2.weight
 | -0.006 | -0.072 |  0.071 |  0.043 | torch.Size([128]) || m_down2.0.conv1_2.bias
 | -0.000 | -0.044 |  0.044 |  0.026 | torch.Size([256, 128, 2, 2]) || m_down2.1.weight
 |  0.000 | -0.062 |  0.062 |  0.036 | torch.Size([256, 256, 1, 1]) || m_down3.0.conv1_1.weight
 |  0.000 | -0.060 |  0.061 |  0.037 | torch.Size([256]) || m_down3.0.conv1_1.bias
 | -0.000 | -0.029 |  0.029 |  0.017 | torch.Size([128, 128, 3, 3]) || m_down3.0.conv_block.0.weight
 |  0.000 | -0.029 |  0.029 |  0.017 | torch.Size([128, 128, 3, 3]) || m_down3.0.conv_block.2.weight
 |  1.000 |  1.000 |  1.000 |  0.000 | torch.Size([128]) || m_down3.0.trans_block.ln1.weight
 |  0.000 |  0.000 |  0.000 |  0.000 | torch.Size([128]) || m_down3.0.trans_block.ln1.bias
 | -0.000 | -0.080 |  0.071 |  0.020 | torch.Size([4, 15, 15]) || m_down3.0.trans_block.msa.relative_position_params
 |  0.000 | -0.088 |  0.088 |  0.051 | torch.Size([384, 128]) || m_down3.0.trans_block.msa.embedding_layer.weight
 | -0.001 | -0.088 |  0.088 |  0.050 | torch.Size([384]) || m_down3.0.trans_block.msa.embedding_layer.bias
 | -0.000 | -0.088 |  0.088 |  0.051 | torch.Size([128, 128]) || m_down3.0.trans_block.msa.linear.weight
 |  0.004 | -0.088 |  0.088 |  0.050 | torch.Size([128]) || m_down3.0.trans_block.msa.linear.bias
 |  1.000 |  1.000 |  1.000 |  0.000 | torch.Size([128]) || m_down3.0.trans_block.ln2.weight
 |  0.000 |  0.000 |  0.000 |  0.000 | torch.Size([128]) || m_down3.0.trans_block.ln2.bias
 | -0.000 | -0.088 |  0.088 |  0.051 | torch.Size([512, 128]) || m_down3.0.trans_block.mlp.0.weight
 |  0.000 | -0.088 |  0.088 |  0.051 | torch.Size([512]) || m_down3.0.trans_block.mlp.0.bias
 |  0.000 | -0.044 |  0.044 |  0.026 | torch.Size([128, 512]) || m_down3.0.trans_block.mlp.2.weight
 | -0.004 | -0.044 |  0.042 |  0.024 | torch.Size([128]) || m_down3.0.trans_block.mlp.2.bias
 | -43.750 | -100.000 |  0.000 | 49.609 | torch.Size([4, 64, 64]) || m_down3.0.nstb_block.attn_mask
 | -0.000 | -0.088 |  0.088 |  0.051 | torch.Size([64, 2, 8, 8]) || m_down3.0.nstb_block.ngram_window_partition.ngram_context.unigram_embed.weight
 | -0.009 | -0.085 |  0.088 |  0.051 | torch.Size([64]) || m_down3.0.nstb_block.ngram_window_partition.ngram_context.unigram_embed.bias
 |  2.303 |  2.303 |  2.303 |  0.000 | torch.Size([4, 1, 1]) || m_down3.0.nstb_block.ngram_window_partition.ngram_context.ngram_attn.logit_scale
 | -0.004 | -0.052 |  0.051 |  0.020 | torch.Size([9, 4]) || m_down3.0.nstb_block.ngram_window_partition.ngram_context.ngram_attn.relative_position_bias_table
 |  4.000 |  0.000 |  8.000 |  2.309 | torch.Size([4, 4]) || m_down3.0.nstb_block.ngram_window_partition.ngram_context.ngram_attn.relative_position_index
 |  0.001 | -0.125 |  0.125 |  0.072 | torch.Size([192, 64]) || m_down3.0.nstb_block.ngram_window_partition.ngram_context.ngram_attn.qkv.weight
 | -0.001 | -0.122 |  0.124 |  0.073 | torch.Size([192]) || m_down3.0.nstb_block.ngram_window_partition.ngram_context.ngram_attn.qkv.bias
 | -0.001 | -0.125 |  0.125 |  0.072 | torch.Size([64, 64]) || m_down3.0.nstb_block.ngram_window_partition.ngram_context.ngram_attn.proj.weight
 |  0.003 | -0.122 |  0.123 |  0.070 | torch.Size([64]) || m_down3.0.nstb_block.ngram_window_partition.ngram_context.ngram_attn.proj.bias
 | -0.000 | -0.088 |  0.088 |  0.051 | torch.Size([128, 128, 1, 1]) || m_down3.0.nstb_block.ngram_window_partition.ngram_context.merge.weight
 | -0.001 | -0.088 |  0.088 |  0.054 | torch.Size([128]) || m_down3.0.nstb_block.ngram_window_partition.ngram_context.merge.bias
 |  2.303 |  2.303 |  2.303 |  0.000 | torch.Size([4, 1, 1]) || m_down3.0.nstb_block.attn.logit_scale
 |  0.000 | -0.060 |  0.075 |  0.020 | torch.Size([225, 4]) || m_down3.0.nstb_block.attn.relative_position_bias_table
 | 112.000 |  0.000 | 224.000 | 48.719 | torch.Size([64, 64]) || m_down3.0.nstb_block.attn.relative_position_index
 |  0.000 | -0.088 |  0.088 |  0.051 | torch.Size([384, 128]) || m_down3.0.nstb_block.attn.qkv.weight
 | -0.002 | -0.088 |  0.088 |  0.049 | torch.Size([384]) || m_down3.0.nstb_block.attn.qkv.bias
 | -0.000 | -0.088 |  0.088 |  0.051 | torch.Size([128, 128]) || m_down3.0.nstb_block.attn.proj.weight
 |  0.003 | -0.086 |  0.088 |  0.053 | torch.Size([128]) || m_down3.0.nstb_block.attn.proj.bias
 |  1.000 |  1.000 |  1.000 |  0.000 | torch.Size([128]) || m_down3.0.nstb_block.norm1.weight
 |  0.000 |  0.000 |  0.000 |  0.000 | torch.Size([128]) || m_down3.0.nstb_block.norm1.bias
 | -0.000 | -0.088 |  0.088 |  0.051 | torch.Size([256, 128]) || m_down3.0.nstb_block.ffn.fc1.weight
 | -0.000 | -0.087 |  0.088 |  0.053 | torch.Size([256]) || m_down3.0.nstb_block.ffn.fc1.bias
 | -0.000 | -0.062 |  0.062 |  0.036 | torch.Size([128, 256]) || m_down3.0.nstb_block.ffn.fc2.weight
 | -0.003 | -0.062 |  0.062 |  0.033 | torch.Size([128]) || m_down3.0.nstb_block.ffn.fc2.bias
 |  1.000 |  1.000 |  1.000 |  0.000 | torch.Size([128]) || m_down3.0.nstb_block.norm2.weight
 |  0.000 |  0.000 |  0.000 |  0.000 | torch.Size([128]) || m_down3.0.nstb_block.norm2.bias
 |  0.000 | -0.051 |  0.051 |  0.029 | torch.Size([256, 384, 1, 1]) || m_down3.0.conv1_2.weight
 | -0.002 | -0.051 |  0.051 |  0.029 | torch.Size([256]) || m_down3.0.conv1_2.bias
 |  0.000 | -0.031 |  0.031 |  0.018 | torch.Size([512, 256, 2, 2]) || m_down3.1.weight
 |  0.000 | -0.044 |  0.044 |  0.026 | torch.Size([512, 512, 1, 1]) || m_body.0.conv1_1.weight
 | -0.001 | -0.044 |  0.044 |  0.025 | torch.Size([512]) || m_body.0.conv1_1.bias
 |  0.000 | -0.021 |  0.021 |  0.012 | torch.Size([256, 256, 3, 3]) || m_body.0.conv_block.0.weight
 | -0.000 | -0.021 |  0.021 |  0.012 | torch.Size([256, 256, 3, 3]) || m_body.0.conv_block.2.weight
 |  1.000 |  1.000 |  1.000 |  0.000 | torch.Size([256]) || m_body.0.trans_block.ln1.weight
 |  0.000 |  0.000 |  0.000 |  0.000 | torch.Size([256]) || m_body.0.trans_block.ln1.bias
 | -0.000 | -0.063 |  0.073 |  0.020 | torch.Size([8, 15, 15]) || m_body.0.trans_block.msa.relative_position_params
 | -0.000 | -0.062 |  0.062 |  0.036 | torch.Size([768, 256]) || m_body.0.trans_block.msa.embedding_layer.weight
 |  0.001 | -0.062 |  0.062 |  0.036 | torch.Size([768]) || m_body.0.trans_block.msa.embedding_layer.bias
 |  0.000 | -0.062 |  0.062 |  0.036 | torch.Size([256, 256]) || m_body.0.trans_block.msa.linear.weight
 | -0.001 | -0.062 |  0.061 |  0.037 | torch.Size([256]) || m_body.0.trans_block.msa.linear.bias
 |  1.000 |  1.000 |  1.000 |  0.000 | torch.Size([256]) || m_body.0.trans_block.ln2.weight
 |  0.000 |  0.000 |  0.000 |  0.000 | torch.Size([256]) || m_body.0.trans_block.ln2.bias
 |  0.000 | -0.062 |  0.062 |  0.036 | torch.Size([1024, 256]) || m_body.0.trans_block.mlp.0.weight
 |  0.000 | -0.062 |  0.062 |  0.036 | torch.Size([1024]) || m_body.0.trans_block.mlp.0.bias
 |  0.000 | -0.031 |  0.031 |  0.018 | torch.Size([256, 1024]) || m_body.0.trans_block.mlp.2.weight
 | -0.001 | -0.031 |  0.031 |  0.019 | torch.Size([256]) || m_body.0.trans_block.mlp.2.bias
 | -75.000 | -100.000 |  0.000 | 43.307 | torch.Size([1, 64, 64]) || m_body.0.nstb_block.attn_mask
 |  0.000 | -0.088 |  0.088 |  0.051 | torch.Size([128, 2, 8, 8]) || m_body.0.nstb_block.ngram_window_partition.ngram_context.unigram_embed.weight
 | -0.002 | -0.084 |  0.088 |  0.051 | torch.Size([128]) || m_body.0.nstb_block.ngram_window_partition.ngram_context.unigram_embed.bias
 |  2.303 |  2.303 |  2.303 |  0.000 | torch.Size([8, 1, 1]) || m_body.0.nstb_block.ngram_window_partition.ngram_context.ngram_attn.logit_scale
 |  0.000 | -0.041 |  0.037 |  0.020 | torch.Size([9, 8]) || m_body.0.nstb_block.ngram_window_partition.ngram_context.ngram_attn.relative_position_bias_table
 |  4.000 |  0.000 |  8.000 |  2.309 | torch.Size([4, 4]) || m_body.0.nstb_block.ngram_window_partition.ngram_context.ngram_attn.relative_position_index
 | -0.000 | -0.088 |  0.088 |  0.051 | torch.Size([384, 128]) || m_body.0.nstb_block.ngram_window_partition.ngram_context.ngram_attn.qkv.weight
 |  0.001 | -0.087 |  0.088 |  0.050 | torch.Size([384]) || m_body.0.nstb_block.ngram_window_partition.ngram_context.ngram_attn.qkv.bias
 |  0.001 | -0.088 |  0.088 |  0.051 | torch.Size([128, 128]) || m_body.0.nstb_block.ngram_window_partition.ngram_context.ngram_attn.proj.weight
 | -0.003 | -0.088 |  0.088 |  0.053 | torch.Size([128]) || m_body.0.nstb_block.ngram_window_partition.ngram_context.ngram_attn.proj.bias
 | -0.000 | -0.062 |  0.062 |  0.036 | torch.Size([256, 256, 1, 1]) || m_body.0.nstb_block.ngram_window_partition.ngram_context.merge.weight
 | -0.003 | -0.062 |  0.062 |  0.037 | torch.Size([256]) || m_body.0.nstb_block.ngram_window_partition.ngram_context.merge.bias
 |  2.303 |  2.303 |  2.303 |  0.000 | torch.Size([8, 1, 1]) || m_body.0.nstb_block.attn.logit_scale
 |  0.001 | -0.063 |  0.063 |  0.021 | torch.Size([225, 8]) || m_body.0.nstb_block.attn.relative_position_bias_table
 | 112.000 |  0.000 | 224.000 | 48.719 | torch.Size([64, 64]) || m_body.0.nstb_block.attn.relative_position_index
 |  0.000 | -0.062 |  0.062 |  0.036 | torch.Size([768, 256]) || m_body.0.nstb_block.attn.qkv.weight
 | -0.001 | -0.062 |  0.062 |  0.037 | torch.Size([768]) || m_body.0.nstb_block.attn.qkv.bias
 |  0.000 | -0.062 |  0.062 |  0.036 | torch.Size([256, 256]) || m_body.0.nstb_block.attn.proj.weight
 |  0.002 | -0.062 |  0.062 |  0.036 | torch.Size([256]) || m_body.0.nstb_block.attn.proj.bias
 |  1.000 |  1.000 |  1.000 |  0.000 | torch.Size([256]) || m_body.0.nstb_block.norm1.weight
 |  0.000 |  0.000 |  0.000 |  0.000 | torch.Size([256]) || m_body.0.nstb_block.norm1.bias
 | -0.000 | -0.062 |  0.062 |  0.036 | torch.Size([512, 256]) || m_body.0.nstb_block.ffn.fc1.weight
 |  0.000 | -0.062 |  0.062 |  0.035 | torch.Size([512]) || m_body.0.nstb_block.ffn.fc1.bias
 |  0.000 | -0.044 |  0.044 |  0.026 | torch.Size([256, 512]) || m_body.0.nstb_block.ffn.fc2.weight
 | -0.001 | -0.044 |  0.044 |  0.025 | torch.Size([256]) || m_body.0.nstb_block.ffn.fc2.bias
 |  1.000 |  1.000 |  1.000 |  0.000 | torch.Size([256]) || m_body.0.nstb_block.norm2.weight
 |  0.000 |  0.000 |  0.000 |  0.000 | torch.Size([256]) || m_body.0.nstb_block.norm2.bias
 |  0.000 | -0.036 |  0.036 |  0.021 | torch.Size([512, 768, 1, 1]) || m_body.0.conv1_2.weight
 |  0.001 | -0.036 |  0.036 |  0.021 | torch.Size([512]) || m_body.0.conv1_2.bias
 | -0.000 | -0.031 |  0.031 |  0.018 | torch.Size([512, 256, 2, 2]) || m_up3.0.weight
 |  0.000 | -0.062 |  0.062 |  0.036 | torch.Size([256, 256, 1, 1]) || m_up3.1.conv1_1.weight
 | -0.001 | -0.062 |  0.061 |  0.037 | torch.Size([256]) || m_up3.1.conv1_1.bias
 |  0.000 | -0.029 |  0.029 |  0.017 | torch.Size([128, 128, 3, 3]) || m_up3.1.conv_block.0.weight
 | -0.000 | -0.029 |  0.029 |  0.017 | torch.Size([128, 128, 3, 3]) || m_up3.1.conv_block.2.weight
 |  1.000 |  1.000 |  1.000 |  0.000 | torch.Size([128]) || m_up3.1.trans_block.ln1.weight
 |  0.000 |  0.000 |  0.000 |  0.000 | torch.Size([128]) || m_up3.1.trans_block.ln1.bias
 | -0.000 | -0.062 |  0.058 |  0.020 | torch.Size([4, 15, 15]) || m_up3.1.trans_block.msa.relative_position_params
 | -0.000 | -0.088 |  0.088 |  0.051 | torch.Size([384, 128]) || m_up3.1.trans_block.msa.embedding_layer.weight
 | -0.000 | -0.088 |  0.088 |  0.053 | torch.Size([384]) || m_up3.1.trans_block.msa.embedding_layer.bias
 |  0.000 | -0.088 |  0.088 |  0.051 | torch.Size([128, 128]) || m_up3.1.trans_block.msa.linear.weight
 |  0.007 | -0.088 |  0.088 |  0.052 | torch.Size([128]) || m_up3.1.trans_block.msa.linear.bias
 |  1.000 |  1.000 |  1.000 |  0.000 | torch.Size([128]) || m_up3.1.trans_block.ln2.weight
 |  0.000 |  0.000 |  0.000 |  0.000 | torch.Size([128]) || m_up3.1.trans_block.ln2.bias
 |  0.000 | -0.088 |  0.088 |  0.051 | torch.Size([512, 128]) || m_up3.1.trans_block.mlp.0.weight
 | -0.002 | -0.088 |  0.088 |  0.052 | torch.Size([512]) || m_up3.1.trans_block.mlp.0.bias
 | -0.000 | -0.044 |  0.044 |  0.026 | torch.Size([128, 512]) || m_up3.1.trans_block.mlp.2.weight
 | -0.002 | -0.044 |  0.044 |  0.026 | torch.Size([128]) || m_up3.1.trans_block.mlp.2.bias
 | -43.750 | -100.000 |  0.000 | 49.609 | torch.Size([4, 64, 64]) || m_up3.1.nstb_block.attn_mask
 |  0.000 | -0.088 |  0.088 |  0.051 | torch.Size([64, 2, 8, 8]) || m_up3.1.nstb_block.ngram_window_partition.ngram_context.unigram_embed.weight
 |  0.011 | -0.084 |  0.087 |  0.049 | torch.Size([64]) || m_up3.1.nstb_block.ngram_window_partition.ngram_context.unigram_embed.bias
 |  2.303 |  2.303 |  2.303 |  0.000 | torch.Size([4, 1, 1]) || m_up3.1.nstb_block.ngram_window_partition.ngram_context.ngram_attn.logit_scale
 |  0.002 | -0.049 |  0.039 |  0.018 | torch.Size([9, 4]) || m_up3.1.nstb_block.ngram_window_partition.ngram_context.ngram_attn.relative_position_bias_table
 |  4.000 |  0.000 |  8.000 |  2.309 | torch.Size([4, 4]) || m_up3.1.nstb_block.ngram_window_partition.ngram_context.ngram_attn.relative_position_index
 | -0.000 | -0.125 |  0.125 |  0.072 | torch.Size([192, 64]) || m_up3.1.nstb_block.ngram_window_partition.ngram_context.ngram_attn.qkv.weight
 | -0.005 | -0.123 |  0.125 |  0.073 | torch.Size([192]) || m_up3.1.nstb_block.ngram_window_partition.ngram_context.ngram_attn.qkv.bias
 | -0.001 | -0.125 |  0.125 |  0.073 | torch.Size([64, 64]) || m_up3.1.nstb_block.ngram_window_partition.ngram_context.ngram_attn.proj.weight
 |  0.019 | -0.117 |  0.125 |  0.069 | torch.Size([64]) || m_up3.1.nstb_block.ngram_window_partition.ngram_context.ngram_attn.proj.bias
 |  0.000 | -0.088 |  0.088 |  0.051 | torch.Size([128, 128, 1, 1]) || m_up3.1.nstb_block.ngram_window_partition.ngram_context.merge.weight
 | -0.001 | -0.088 |  0.086 |  0.052 | torch.Size([128]) || m_up3.1.nstb_block.ngram_window_partition.ngram_context.merge.bias
 |  2.303 |  2.303 |  2.303 |  0.000 | torch.Size([4, 1, 1]) || m_up3.1.nstb_block.attn.logit_scale
 |  0.001 | -0.066 |  0.060 |  0.020 | torch.Size([225, 4]) || m_up3.1.nstb_block.attn.relative_position_bias_table
 | 112.000 |  0.000 | 224.000 | 48.719 | torch.Size([64, 64]) || m_up3.1.nstb_block.attn.relative_position_index
 | -0.000 | -0.088 |  0.088 |  0.051 | torch.Size([384, 128]) || m_up3.1.nstb_block.attn.qkv.weight
 |  0.001 | -0.088 |  0.088 |  0.050 | torch.Size([384]) || m_up3.1.nstb_block.attn.qkv.bias
 |  0.000 | -0.088 |  0.088 |  0.051 | torch.Size([128, 128]) || m_up3.1.nstb_block.attn.proj.weight
 | -0.004 | -0.088 |  0.088 |  0.054 | torch.Size([128]) || m_up3.1.nstb_block.attn.proj.bias
 |  1.000 |  1.000 |  1.000 |  0.000 | torch.Size([128]) || m_up3.1.nstb_block.norm1.weight
 |  0.000 |  0.000 |  0.000 |  0.000 | torch.Size([128]) || m_up3.1.nstb_block.norm1.bias
 | -0.000 | -0.088 |  0.088 |  0.051 | torch.Size([256, 128]) || m_up3.1.nstb_block.ffn.fc1.weight
 | -0.005 | -0.088 |  0.088 |  0.051 | torch.Size([256]) || m_up3.1.nstb_block.ffn.fc1.bias
 |  0.000 | -0.062 |  0.062 |  0.036 | torch.Size([128, 256]) || m_up3.1.nstb_block.ffn.fc2.weight
 | -0.002 | -0.061 |  0.062 |  0.033 | torch.Size([128]) || m_up3.1.nstb_block.ffn.fc2.bias
 |  1.000 |  1.000 |  1.000 |  0.000 | torch.Size([128]) || m_up3.1.nstb_block.norm2.weight
 |  0.000 |  0.000 |  0.000 |  0.000 | torch.Size([128]) || m_up3.1.nstb_block.norm2.bias
 | -0.000 | -0.051 |  0.051 |  0.029 | torch.Size([256, 384, 1, 1]) || m_up3.1.conv1_2.weight
 |  0.001 | -0.051 |  0.051 |  0.029 | torch.Size([256]) || m_up3.1.conv1_2.bias
 | -0.000 | -0.044 |  0.044 |  0.026 | torch.Size([256, 128, 2, 2]) || m_up2.0.weight
 | -0.000 | -0.088 |  0.088 |  0.051 | torch.Size([128, 128, 1, 1]) || m_up2.1.conv1_1.weight
 | -0.003 | -0.087 |  0.085 |  0.048 | torch.Size([128]) || m_up2.1.conv1_1.bias
 |  0.000 | -0.042 |  0.042 |  0.024 | torch.Size([64, 64, 3, 3]) || m_up2.1.conv_block.0.weight
 | -0.000 | -0.042 |  0.042 |  0.024 | torch.Size([64, 64, 3, 3]) || m_up2.1.conv_block.2.weight
 |  1.000 |  1.000 |  1.000 |  0.000 | torch.Size([64]) || m_up2.1.trans_block.ln1.weight
 |  0.000 |  0.000 |  0.000 |  0.000 | torch.Size([64]) || m_up2.1.trans_block.ln1.bias
 |  0.000 | -0.061 |  0.068 |  0.020 | torch.Size([2, 15, 15]) || m_up2.1.trans_block.msa.relative_position_params
 |  0.001 | -0.125 |  0.125 |  0.072 | torch.Size([192, 64]) || m_up2.1.trans_block.msa.embedding_layer.weight
 |  0.007 | -0.124 |  0.124 |  0.075 | torch.Size([192]) || m_up2.1.trans_block.msa.embedding_layer.bias
 |  0.001 | -0.125 |  0.125 |  0.073 | torch.Size([64, 64]) || m_up2.1.trans_block.msa.linear.weight
 | -0.002 | -0.125 |  0.125 |  0.076 | torch.Size([64]) || m_up2.1.trans_block.msa.linear.bias
 |  1.000 |  1.000 |  1.000 |  0.000 | torch.Size([64]) || m_up2.1.trans_block.ln2.weight
 |  0.000 |  0.000 |  0.000 |  0.000 | torch.Size([64]) || m_up2.1.trans_block.ln2.bias
 |  0.000 | -0.125 |  0.125 |  0.072 | torch.Size([256, 64]) || m_up2.1.trans_block.mlp.0.weight
 |  0.005 | -0.121 |  0.123 |  0.071 | torch.Size([256]) || m_up2.1.trans_block.mlp.0.bias
 | -0.000 | -0.062 |  0.062 |  0.036 | torch.Size([64, 256]) || m_up2.1.trans_block.mlp.2.weight
 | -0.003 | -0.060 |  0.061 |  0.035 | torch.Size([64]) || m_up2.1.trans_block.mlp.2.bias
 | -23.438 | -100.000 |  0.000 | 42.361 | torch.Size([16, 64, 64]) || m_up2.1.nstb_block.attn_mask
 |  0.000 | -0.088 |  0.088 |  0.051 | torch.Size([32, 2, 8, 8]) || m_up2.1.nstb_block.ngram_window_partition.ngram_context.unigram_embed.weight
 | -0.005 | -0.083 |  0.086 |  0.056 | torch.Size([32]) || m_up2.1.nstb_block.ngram_window_partition.ngram_context.unigram_embed.bias
 |  2.303 |  2.303 |  2.303 |  0.000 | torch.Size([2, 1, 1]) || m_up2.1.nstb_block.ngram_window_partition.ngram_context.ngram_attn.logit_scale
 |  0.006 | -0.024 |  0.050 |  0.020 | torch.Size([9, 2]) || m_up2.1.nstb_block.ngram_window_partition.ngram_context.ngram_attn.relative_position_bias_table
 |  4.000 |  0.000 |  8.000 |  2.309 | torch.Size([4, 4]) || m_up2.1.nstb_block.ngram_window_partition.ngram_context.ngram_attn.relative_position_index
 |  0.001 | -0.177 |  0.177 |  0.101 | torch.Size([96, 32]) || m_up2.1.nstb_block.ngram_window_partition.ngram_context.ngram_attn.qkv.weight
 |  0.002 | -0.176 |  0.173 |  0.102 | torch.Size([96]) || m_up2.1.nstb_block.ngram_window_partition.ngram_context.ngram_attn.qkv.bias
 |  0.009 | -0.175 |  0.177 |  0.101 | torch.Size([32, 32]) || m_up2.1.nstb_block.ngram_window_partition.ngram_context.ngram_attn.proj.weight
 | -0.002 | -0.170 |  0.157 |  0.094 | torch.Size([32]) || m_up2.1.nstb_block.ngram_window_partition.ngram_context.ngram_attn.proj.bias
 | -0.001 | -0.125 |  0.125 |  0.072 | torch.Size([64, 64, 1, 1]) || m_up2.1.nstb_block.ngram_window_partition.ngram_context.merge.weight
 | -0.003 | -0.120 |  0.112 |  0.069 | torch.Size([64]) || m_up2.1.nstb_block.ngram_window_partition.ngram_context.merge.bias
 |  2.303 |  2.303 |  2.303 |  0.000 | torch.Size([2, 1, 1]) || m_up2.1.nstb_block.attn.logit_scale
 |  0.001 | -0.054 |  0.069 |  0.021 | torch.Size([225, 2]) || m_up2.1.nstb_block.attn.relative_position_bias_table
 | 112.000 |  0.000 | 224.000 | 48.719 | torch.Size([64, 64]) || m_up2.1.nstb_block.attn.relative_position_index
 | -0.000 | -0.125 |  0.125 |  0.072 | torch.Size([192, 64]) || m_up2.1.nstb_block.attn.qkv.weight
 |  0.000 | -0.125 |  0.124 |  0.075 | torch.Size([192]) || m_up2.1.nstb_block.attn.qkv.bias
 |  0.003 | -0.125 |  0.125 |  0.072 | torch.Size([64, 64]) || m_up2.1.nstb_block.attn.proj.weight
 |  0.004 | -0.124 |  0.124 |  0.074 | torch.Size([64]) || m_up2.1.nstb_block.attn.proj.bias
 |  1.000 |  1.000 |  1.000 |  0.000 | torch.Size([64]) || m_up2.1.nstb_block.norm1.weight
 |  0.000 |  0.000 |  0.000 |  0.000 | torch.Size([64]) || m_up2.1.nstb_block.norm1.bias
 | -0.001 | -0.125 |  0.125 |  0.072 | torch.Size([128, 64]) || m_up2.1.nstb_block.ffn.fc1.weight
 |  0.008 | -0.124 |  0.125 |  0.071 | torch.Size([128]) || m_up2.1.nstb_block.ffn.fc1.bias
 |  0.001 | -0.088 |  0.088 |  0.051 | torch.Size([64, 128]) || m_up2.1.nstb_block.ffn.fc2.weight
 | -0.003 | -0.084 |  0.088 |  0.050 | torch.Size([64]) || m_up2.1.nstb_block.ffn.fc2.bias
 |  1.000 |  1.000 |  1.000 |  0.000 | torch.Size([64]) || m_up2.1.nstb_block.norm2.weight
 |  0.000 |  0.000 |  0.000 |  0.000 | torch.Size([64]) || m_up2.1.nstb_block.norm2.bias
 |  0.000 | -0.072 |  0.072 |  0.042 | torch.Size([128, 192, 1, 1]) || m_up2.1.conv1_2.weight
 |  0.007 | -0.069 |  0.071 |  0.043 | torch.Size([128]) || m_up2.1.conv1_2.bias
 | -0.000 | -0.062 |  0.062 |  0.036 | torch.Size([128, 64, 2, 2]) || m_up1.0.weight
 |  0.001 | -0.125 |  0.125 |  0.072 | torch.Size([64, 64, 1, 1]) || m_up1.1.conv1_1.weight
 |  0.021 | -0.124 |  0.124 |  0.070 | torch.Size([64]) || m_up1.1.conv1_1.bias
 | -0.000 | -0.059 |  0.059 |  0.034 | torch.Size([32, 32, 3, 3]) || m_up1.1.conv_block.0.weight
 |  0.000 | -0.059 |  0.059 |  0.034 | torch.Size([32, 32, 3, 3]) || m_up1.1.conv_block.2.weight
 |  1.000 |  1.000 |  1.000 |  0.000 | torch.Size([32]) || m_up1.1.trans_block.ln1.weight
 |  0.000 |  0.000 |  0.000 |  0.000 | torch.Size([32]) || m_up1.1.trans_block.ln1.bias
 | -0.000 | -0.047 |  0.058 |  0.021 | torch.Size([1, 15, 15]) || m_up1.1.trans_block.msa.relative_position_params
 |  0.000 | -0.177 |  0.177 |  0.102 | torch.Size([96, 32]) || m_up1.1.trans_block.msa.embedding_layer.weight
 | -0.008 | -0.177 |  0.174 |  0.109 | torch.Size([96]) || m_up1.1.trans_block.msa.embedding_layer.bias
 | -0.009 | -0.176 |  0.177 |  0.103 | torch.Size([32, 32]) || m_up1.1.trans_block.msa.linear.weight
 | -0.011 | -0.168 |  0.170 |  0.101 | torch.Size([32]) || m_up1.1.trans_block.msa.linear.bias
 |  1.000 |  1.000 |  1.000 |  0.000 | torch.Size([32]) || m_up1.1.trans_block.ln2.weight
 |  0.000 |  0.000 |  0.000 |  0.000 | torch.Size([32]) || m_up1.1.trans_block.ln2.bias
 | -0.001 | -0.177 |  0.177 |  0.101 | torch.Size([128, 32]) || m_up1.1.trans_block.mlp.0.weight
 |  0.011 | -0.175 |  0.176 |  0.103 | torch.Size([128]) || m_up1.1.trans_block.mlp.0.bias
 | -0.001 | -0.088 |  0.088 |  0.051 | torch.Size([32, 128]) || m_up1.1.trans_block.mlp.2.weight
 |  0.010 | -0.077 |  0.084 |  0.049 | torch.Size([32]) || m_up1.1.trans_block.mlp.2.bias
 | -12.109 | -100.000 |  0.000 | 32.624 | torch.Size([64, 64, 64]) || m_up1.1.nstb_block.attn_mask
 |  0.000 | -0.088 |  0.088 |  0.051 | torch.Size([16, 2, 8, 8]) || m_up1.1.nstb_block.ngram_window_partition.ngram_context.unigram_embed.weight
 | -0.004 | -0.076 |  0.078 |  0.044 | torch.Size([16]) || m_up1.1.nstb_block.ngram_window_partition.ngram_context.unigram_embed.bias
 |  2.303 |  2.303 |  2.303 |    nan | torch.Size([1, 1, 1]) || m_up1.1.nstb_block.ngram_window_partition.ngram_context.ngram_attn.logit_scale
 |  0.012 | -0.040 |  0.028 |  0.022 | torch.Size([9, 1]) || m_up1.1.nstb_block.ngram_window_partition.ngram_context.ngram_attn.relative_position_bias_table
 |  4.000 |  0.000 |  8.000 |  2.309 | torch.Size([4, 4]) || m_up1.1.nstb_block.ngram_window_partition.ngram_context.ngram_attn.relative_position_index
 | -0.004 | -0.250 |  0.249 |  0.144 | torch.Size([48, 16]) || m_up1.1.nstb_block.ngram_window_partition.ngram_context.ngram_attn.qkv.weight
 | -0.014 | -0.228 |  0.242 |  0.129 | torch.Size([48]) || m_up1.1.nstb_block.ngram_window_partition.ngram_context.ngram_attn.qkv.bias
 | -0.004 | -0.249 |  0.248 |  0.142 | torch.Size([16, 16]) || m_up1.1.nstb_block.ngram_window_partition.ngram_context.ngram_attn.proj.weight
 |  0.049 | -0.224 |  0.246 |  0.165 | torch.Size([16]) || m_up1.1.nstb_block.ngram_window_partition.ngram_context.ngram_attn.proj.bias
 |  0.000 | -0.176 |  0.177 |  0.099 | torch.Size([32, 32, 1, 1]) || m_up1.1.nstb_block.ngram_window_partition.ngram_context.merge.weight
 | -0.005 | -0.169 |  0.153 |  0.103 | torch.Size([32]) || m_up1.1.nstb_block.ngram_window_partition.ngram_context.merge.bias
 |  2.303 |  2.303 |  2.303 |    nan | torch.Size([1, 1, 1]) || m_up1.1.nstb_block.attn.logit_scale
 |  0.001 | -0.049 |  0.064 |  0.021 | torch.Size([225, 1]) || m_up1.1.nstb_block.attn.relative_position_bias_table
 | 112.000 |  0.000 | 224.000 | 48.719 | torch.Size([64, 64]) || m_up1.1.nstb_block.attn.relative_position_index
 |  0.001 | -0.177 |  0.177 |  0.101 | torch.Size([96, 32]) || m_up1.1.nstb_block.attn.qkv.weight
 | -0.000 | -0.174 |  0.177 |  0.105 | torch.Size([96]) || m_up1.1.nstb_block.attn.qkv.bias
 |  0.000 | -0.177 |  0.177 |  0.102 | torch.Size([32, 32]) || m_up1.1.nstb_block.attn.proj.weight
 |  0.001 | -0.154 |  0.169 |  0.098 | torch.Size([32]) || m_up1.1.nstb_block.attn.proj.bias
 |  1.000 |  1.000 |  1.000 |  0.000 | torch.Size([32]) || m_up1.1.nstb_block.norm1.weight
 |  0.000 |  0.000 |  0.000 |  0.000 | torch.Size([32]) || m_up1.1.nstb_block.norm1.bias
 | -0.002 | -0.177 |  0.177 |  0.101 | torch.Size([64, 32]) || m_up1.1.nstb_block.ffn.fc1.weight
 | -0.010 | -0.173 |  0.176 |  0.105 | torch.Size([64]) || m_up1.1.nstb_block.ffn.fc1.bias
 | -0.000 | -0.125 |  0.125 |  0.071 | torch.Size([32, 64]) || m_up1.1.nstb_block.ffn.fc2.weight
 |  0.024 | -0.109 |  0.118 |  0.070 | torch.Size([32]) || m_up1.1.nstb_block.ffn.fc2.bias
 |  1.000 |  1.000 |  1.000 |  0.000 | torch.Size([32]) || m_up1.1.nstb_block.norm2.weight
 |  0.000 |  0.000 |  0.000 |  0.000 | torch.Size([32]) || m_up1.1.nstb_block.norm2.bias
 |  0.000 | -0.102 |  0.102 |  0.059 | torch.Size([64, 96, 1, 1]) || m_up1.1.conv1_2.weight
 |  0.002 | -0.101 |  0.097 |  0.058 | torch.Size([64]) || m_up1.1.conv1_2.bias
 |  0.000 | -0.042 |  0.042 |  0.024 | torch.Size([1, 64, 3, 3]) || m_tail.0.weight

25-08-15 20:59:33.043 : TensorBoard logging to: training_results/conv_trans_nstb_finetuned/scunet_ngswin_conv_trans_nstb_finetuned/tensorboard/SCUNet_conv_trans_nstb_li_ct_val0.1
25-08-15 20:59:33.043 : Experiment name: SCUNet_conv_trans_nstb_li_ct_val0.1
25-08-15 20:59:33.043 : Validation split: 10.0% of training data
25-08-15 20:59:33.043 : Early stopping is disabled. Training will run for full 100 epochs.
25-08-15 20:59:33.043 : Starting training...
25-08-15 20:59:33.043 : Training dataset size: 12,095
25-08-15 20:59:33.043 : Iterations per epoch: 6,048
25-08-15 20:59:33.043 : Current step: 0
25-08-15 20:59:33.043 : Starting from epoch: 1
25-08-15 21:04:47.667 : <epoch:  1, iter:   1,000, lr:1.000e-04> G_loss: 5.873e+00 
25-08-15 21:10:19.567 : <epoch:  1, iter:   2,000, lr:1.000e-04> G_loss: 3.951e+00 
25-08-15 21:15:38.364 : <epoch:  1, iter:   3,000, lr:1.000e-04> G_loss: 7.023e+00 
25-08-15 21:21:05.952 : <epoch:  1, iter:   4,000, lr:1.000e-04> G_loss: 3.670e+00 
25-08-15 21:26:26.805 : <epoch:  1, iter:   5,000, lr:1.000e-04> G_loss: 3.096e+00 
25-08-15 21:31:46.389 : <epoch:  1, iter:   6,000, lr:1.000e-04> G_loss: 2.951e+00 
25-08-15 21:37:05.920 : <epoch:  2, iter:   7,000, lr:1.000e-04> G_loss: 2.270e+00 
25-08-15 21:42:25.326 : <epoch:  2, iter:   8,000, lr:1.000e-04> G_loss: 2.049e+00 
25-08-15 21:47:44.236 : <epoch:  2, iter:   9,000, lr:1.000e-04> G_loss: 3.193e+00 
25-08-15 21:53:03.121 : <epoch:  2, iter:  10,000, lr:1.000e-04> G_loss: 2.378e+00 
25-08-15 21:58:20.105 : <epoch:  2, iter:  11,000, lr:1.000e-04> G_loss: 1.830e+00 
25-08-15 22:03:36.801 : <epoch:  2, iter:  12,000, lr:1.000e-04> G_loss: 1.945e+00 
25-08-15 22:08:53.382 : <epoch:  3, iter:  13,000, lr:1.000e-04> G_loss: 2.251e+00 
25-08-15 22:14:09.375 : <epoch:  3, iter:  14,000, lr:1.000e-04> G_loss: 1.591e+00 
25-08-15 22:19:25.803 : <epoch:  3, iter:  15,000, lr:1.000e-04> G_loss: 1.978e+00 
25-08-15 22:24:42.161 : <epoch:  3, iter:  16,000, lr:1.000e-04> G_loss: 2.470e+00 
25-08-15 22:29:58.848 : <epoch:  3, iter:  17,000, lr:1.000e-04> G_loss: 1.776e+00 
25-08-15 22:35:15.244 : <epoch:  3, iter:  18,000, lr:1.000e-04> G_loss: 1.597e+00 
25-08-15 22:40:32.067 : <epoch:  4, iter:  19,000, lr:1.000e-04> G_loss: 1.601e+00 
25-08-15 22:45:48.950 : <epoch:  4, iter:  20,000, lr:1.000e-04> G_loss: 1.439e+00 
25-08-15 22:45:48.951 : Saving the model.
25-08-15 22:51:07.023 : <epoch:  4, iter:  21,000, lr:1.000e-04> G_loss: 1.530e+00 
25-08-15 22:56:23.439 : <epoch:  4, iter:  22,000, lr:1.000e-04> G_loss: 1.147e+00 
25-08-15 23:01:39.779 : <epoch:  4, iter:  23,000, lr:1.000e-04> G_loss: 1.232e+00 
25-08-15 23:06:55.848 : <epoch:  4, iter:  24,000, lr:1.000e-04> G_loss: 1.388e+00 
25-08-15 23:12:13.001 : <epoch:  5, iter:  25,000, lr:1.000e-04> G_loss: 1.173e+00 
25-08-15 23:17:30.773 : <epoch:  5, iter:  26,000, lr:1.000e-04> G_loss: 1.428e+00 
25-08-15 23:22:48.046 : <epoch:  5, iter:  27,000, lr:1.000e-04> G_loss: 1.091e+00 
25-08-15 23:28:05.379 : <epoch:  5, iter:  28,000, lr:1.000e-04> G_loss: 1.122e+00 
25-08-15 23:33:22.122 : <epoch:  5, iter:  29,000, lr:1.000e-04> G_loss: 1.597e+00 
25-08-15 23:38:38.981 : <epoch:  5, iter:  30,000, lr:1.000e-04> G_loss: 1.183e+00 
25-08-15 23:40:58.373 : <epoch:  5, iter:  30,000, Val PSNR: 12.29dB, Val SSIM: 0.7044
25-08-15 23:40:58.375 : Training samples this epoch: 11624
25-08-15 23:40:58.375 : Validation samples this check: 1343
25-08-15 23:40:58.375 : Saving PSNR checkpoint.
25-08-15 23:46:15.831 : <epoch:  6, iter:  31,000, lr:1.000e-04> G_loss: 1.101e+00 
25-08-15 23:51:33.177 : <epoch:  6, iter:  32,000, lr:1.000e-04> G_loss: 1.244e+00 
25-08-15 23:56:50.911 : <epoch:  6, iter:  33,000, lr:1.000e-04> G_loss: 1.885e+00 
25-08-16 00:02:08.249 : <epoch:  6, iter:  34,000, lr:1.000e-04> G_loss: 1.494e+00 
25-08-16 00:07:25.549 : <epoch:  6, iter:  35,000, lr:1.000e-04> G_loss: 1.594e+00 
25-08-16 00:12:43.244 : <epoch:  6, iter:  36,000, lr:1.000e-04> G_loss: 1.098e+00 
25-08-16 00:18:00.624 : <epoch:  7, iter:  37,000, lr:1.000e-04> G_loss: 1.212e+00 
25-08-16 00:23:17.995 : <epoch:  7, iter:  38,000, lr:1.000e-04> G_loss: 1.171e+00 
25-08-16 00:28:35.348 : <epoch:  7, iter:  39,000, lr:1.000e-04> G_loss: 1.156e+00 
25-08-16 00:33:52.716 : <epoch:  7, iter:  40,000, lr:1.000e-04> G_loss: 1.199e+00 
25-08-16 00:33:52.716 : Saving the model.
25-08-16 00:39:09.696 : <epoch:  7, iter:  41,000, lr:1.000e-04> G_loss: 1.038e+00 
25-08-16 00:44:26.994 : <epoch:  7, iter:  42,000, lr:1.000e-04> G_loss: 1.722e+00 
25-08-16 00:49:43.679 : <epoch:  8, iter:  43,000, lr:1.000e-04> G_loss: 1.707e+00 
25-08-16 00:55:00.712 : <epoch:  8, iter:  44,000, lr:1.000e-04> G_loss: 1.208e+00 
25-08-16 01:00:17.432 : <epoch:  8, iter:  45,000, lr:1.000e-04> G_loss: 1.030e+00 
25-08-16 01:05:34.904 : <epoch:  8, iter:  46,000, lr:1.000e-04> G_loss: 1.110e+00 
25-08-16 01:10:52.475 : <epoch:  8, iter:  47,000, lr:1.000e-04> G_loss: 1.748e+00 
25-08-16 01:16:09.319 : <epoch:  8, iter:  48,000, lr:1.000e-04> G_loss: 1.303e+00 
25-08-16 01:21:26.820 : <epoch:  9, iter:  49,000, lr:1.000e-04> G_loss: 8.266e-01 
25-08-16 01:26:44.276 : <epoch:  9, iter:  50,000, lr:1.000e-04> G_loss: 7.242e-01 
25-08-16 01:32:01.438 : <epoch:  9, iter:  51,000, lr:1.000e-04> G_loss: 7.844e-01 
25-08-16 01:37:18.837 : <epoch:  9, iter:  52,000, lr:1.000e-04> G_loss: 1.041e+00 
25-08-16 01:42:35.896 : <epoch:  9, iter:  53,000, lr:1.000e-04> G_loss: 1.292e+00 
25-08-16 01:47:53.500 : <epoch:  9, iter:  54,000, lr:1.000e-04> G_loss: 8.059e-01 
25-08-16 01:53:10.825 : <epoch: 10, iter:  55,000, lr:1.000e-04> G_loss: 1.379e+00 
25-08-16 01:58:27.164 : <epoch: 10, iter:  56,000, lr:1.000e-04> G_loss: 1.009e+00 
25-08-16 02:03:44.758 : <epoch: 10, iter:  57,000, lr:1.000e-04> G_loss: 7.742e-01 
25-08-16 02:09:01.893 : <epoch: 10, iter:  58,000, lr:1.000e-04> G_loss: 8.954e-01 
25-08-16 02:14:18.775 : <epoch: 10, iter:  59,000, lr:1.000e-04> G_loss: 1.241e+00 
25-08-16 02:19:35.843 : <epoch: 10, iter:  60,000, lr:1.000e-04> G_loss: 1.112e+00 
25-08-16 02:19:35.844 : Saving the model.
25-08-16 02:21:49.241 : <epoch: 10, iter:  60,000, Val PSNR: 12.80dB, Val SSIM: 0.7577
25-08-16 02:21:49.241 : Training samples this epoch: 11154
25-08-16 02:21:49.242 : Validation samples this check: 1343
25-08-16 02:21:49.242 : Saving PSNR checkpoint.
25-08-16 02:27:06.962 : <epoch: 11, iter:  61,000, lr:1.000e-04> G_loss: 7.172e-01 
25-08-16 02:32:25.250 : <epoch: 11, iter:  62,000, lr:1.000e-04> G_loss: 1.115e+00 
25-08-16 02:37:42.787 : <epoch: 11, iter:  63,000, lr:1.000e-04> G_loss: 1.184e+00 
25-08-16 02:43:00.483 : <epoch: 11, iter:  64,000, lr:1.000e-04> G_loss: 1.812e+00 
25-08-16 02:48:18.068 : <epoch: 11, iter:  65,000, lr:1.000e-04> G_loss: 9.157e-01 
25-08-16 02:53:35.075 : <epoch: 11, iter:  66,000, lr:1.000e-04> G_loss: 9.221e-01 
25-08-16 02:58:52.472 : <epoch: 12, iter:  67,000, lr:1.000e-04> G_loss: 1.165e+00 
25-08-16 03:04:10.453 : <epoch: 12, iter:  68,000, lr:1.000e-04> G_loss: 8.821e-01 
25-08-16 03:09:27.828 : <epoch: 12, iter:  69,000, lr:1.000e-04> G_loss: 8.218e-01 
25-08-16 03:14:45.515 : <epoch: 12, iter:  70,000, lr:1.000e-04> G_loss: 8.401e-01 
25-08-16 03:20:03.445 : <epoch: 12, iter:  71,000, lr:1.000e-04> G_loss: 8.872e-01 
25-08-16 03:25:21.125 : <epoch: 12, iter:  72,000, lr:1.000e-04> G_loss: 1.242e+00 
25-08-16 03:30:39.115 : <epoch: 13, iter:  73,000, lr:1.000e-04> G_loss: 1.430e+00 
25-08-16 03:35:57.187 : <epoch: 13, iter:  74,000, lr:1.000e-04> G_loss: 8.673e-01 
25-08-16 03:41:14.764 : <epoch: 13, iter:  75,000, lr:1.000e-04> G_loss: 1.065e+00 
25-08-16 03:46:32.509 : <epoch: 13, iter:  76,000, lr:1.000e-04> G_loss: 1.314e+00 
25-08-16 03:51:50.483 : <epoch: 13, iter:  77,000, lr:1.000e-04> G_loss: 5.852e-01 
25-08-16 03:57:08.448 : <epoch: 13, iter:  78,000, lr:1.000e-04> G_loss: 7.659e-01 
25-08-16 04:02:26.273 : <epoch: 14, iter:  79,000, lr:1.000e-04> G_loss: 7.704e-01 
25-08-16 04:07:44.161 : <epoch: 14, iter:  80,000, lr:1.000e-04> G_loss: 9.909e-01 
25-08-16 04:07:44.161 : Saving the model.
25-08-16 04:13:01.993 : <epoch: 14, iter:  81,000, lr:1.000e-04> G_loss: 1.264e+00 
25-08-16 04:18:19.470 : <epoch: 14, iter:  82,000, lr:1.000e-04> G_loss: 7.908e-01 
25-08-16 04:23:37.275 : <epoch: 14, iter:  83,000, lr:1.000e-04> G_loss: 1.326e+00 
25-08-16 04:28:55.136 : <epoch: 14, iter:  84,000, lr:1.000e-04> G_loss: 9.060e-01 
25-08-16 04:34:13.051 : <epoch: 15, iter:  85,000, lr:1.000e-04> G_loss: 8.097e-01 
25-08-16 04:39:31.076 : <epoch: 15, iter:  86,000, lr:1.000e-04> G_loss: 6.741e-01 
25-08-16 04:44:49.423 : <epoch: 15, iter:  87,000, lr:1.000e-04> G_loss: 6.763e-01 
25-08-16 04:50:07.536 : <epoch: 15, iter:  88,000, lr:1.000e-04> G_loss: 8.825e-01 
25-08-16 04:55:25.589 : <epoch: 15, iter:  89,000, lr:1.000e-04> G_loss: 6.740e-01 
25-08-16 05:00:43.471 : <epoch: 15, iter:  90,000, lr:1.000e-04> G_loss: 7.786e-01 
25-08-16 05:02:56.414 : <epoch: 15, iter:  90,000, Val PSNR: 13.29dB, Val SSIM: 0.7682
25-08-16 05:02:56.415 : Training samples this epoch: 10684
25-08-16 05:02:56.415 : Validation samples this check: 1343
25-08-16 05:02:56.416 : Saving PSNR checkpoint.
25-08-16 05:08:16.570 : <epoch: 16, iter:  91,000, lr:1.000e-04> G_loss: 9.130e-01 
25-08-16 05:13:36.573 : <epoch: 16, iter:  92,000, lr:1.000e-04> G_loss: 7.542e-01 
25-08-16 05:18:56.680 : <epoch: 16, iter:  93,000, lr:1.000e-04> G_loss: 8.265e-01 
25-08-16 05:24:16.729 : <epoch: 16, iter:  94,000, lr:1.000e-04> G_loss: 1.156e+00 
25-08-16 05:29:36.141 : <epoch: 16, iter:  95,000, lr:1.000e-04> G_loss: 6.732e-01 
25-08-16 05:34:56.093 : <epoch: 16, iter:  96,000, lr:1.000e-04> G_loss: 7.666e-01 
25-08-16 05:40:16.390 : <epoch: 17, iter:  97,000, lr:1.000e-04> G_loss: 8.854e-01 
25-08-16 05:45:35.813 : <epoch: 17, iter:  98,000, lr:1.000e-04> G_loss: 7.815e-01 
25-08-16 05:50:55.371 : <epoch: 17, iter:  99,000, lr:1.000e-04> G_loss: 4.769e-01 
25-08-16 05:56:14.332 : <epoch: 17, iter: 100,000, lr:1.000e-04> G_loss: 9.863e-01 
25-08-16 05:56:14.332 : Saving the model.
25-08-16 06:01:33.522 : <epoch: 17, iter: 101,000, lr:1.000e-04> G_loss: 9.896e-01 
25-08-16 06:06:52.801 : <epoch: 17, iter: 102,000, lr:1.000e-04> G_loss: 7.905e-01 
25-08-16 06:12:12.504 : <epoch: 18, iter: 103,000, lr:1.000e-04> G_loss: 8.089e-01 
25-08-16 06:17:32.076 : <epoch: 18, iter: 104,000, lr:1.000e-04> G_loss: 9.445e-01 
25-08-16 06:22:49.225 : <epoch: 18, iter: 105,000, lr:1.000e-04> G_loss: 7.495e-01 
25-08-16 06:28:06.452 : <epoch: 18, iter: 106,000, lr:1.000e-04> G_loss: 8.010e-01 
25-08-16 06:33:23.953 : <epoch: 18, iter: 107,000, lr:1.000e-04> G_loss: 7.604e-01 
25-08-16 06:38:41.496 : <epoch: 18, iter: 108,000, lr:1.000e-04> G_loss: 8.124e-01 
25-08-16 06:43:59.128 : <epoch: 19, iter: 109,000, lr:1.000e-04> G_loss: 9.122e-01 
25-08-16 06:49:17.606 : <epoch: 19, iter: 110,000, lr:1.000e-04> G_loss: 1.706e+00 
25-08-16 06:54:35.968 : <epoch: 19, iter: 111,000, lr:1.000e-04> G_loss: 8.269e-01 
25-08-16 06:59:55.047 : <epoch: 19, iter: 112,000, lr:1.000e-04> G_loss: 7.546e-01 
25-08-16 07:05:13.496 : <epoch: 19, iter: 113,000, lr:1.000e-04> G_loss: 6.520e-01 
25-08-16 07:10:31.539 : <epoch: 19, iter: 114,000, lr:1.000e-04> G_loss: 6.656e-01 
25-08-16 07:15:49.802 : <epoch: 20, iter: 115,000, lr:1.000e-04> G_loss: 5.811e-01 
25-08-16 07:21:07.322 : <epoch: 20, iter: 116,000, lr:1.000e-04> G_loss: 1.490e+00 
25-08-16 07:26:24.928 : <epoch: 20, iter: 117,000, lr:1.000e-04> G_loss: 6.572e-01 
25-08-16 07:31:42.791 : <epoch: 20, iter: 118,000, lr:1.000e-04> G_loss: 7.224e-01 
25-08-16 07:37:00.836 : <epoch: 20, iter: 119,000, lr:1.000e-04> G_loss: 5.484e-01 
25-08-16 07:42:18.439 : <epoch: 20, iter: 120,000, lr:1.000e-04> G_loss: 5.127e-01 
25-08-16 07:42:18.439 : Saving the model.
25-08-16 07:44:32.391 : <epoch: 20, iter: 120,000, Val PSNR: 13.57dB, Val SSIM: 0.7776
25-08-16 07:44:32.391 : Training samples this epoch: 10214
25-08-16 07:44:32.391 : Validation samples this check: 1343
25-08-16 07:44:32.392 : Saving PSNR checkpoint.
25-08-16 07:49:50.680 : <epoch: 21, iter: 121,000, lr:1.000e-04> G_loss: 7.817e-01 
25-08-16 07:55:09.314 : <epoch: 21, iter: 122,000, lr:1.000e-04> G_loss: 7.016e-01 
25-08-16 08:00:27.882 : <epoch: 21, iter: 123,000, lr:1.000e-04> G_loss: 6.541e-01 
25-08-16 08:05:46.520 : <epoch: 21, iter: 124,000, lr:1.000e-04> G_loss: 5.612e-01 
25-08-16 08:11:05.230 : <epoch: 21, iter: 125,000, lr:1.000e-04> G_loss: 5.467e-01 
25-08-16 08:16:23.634 : <epoch: 21, iter: 126,000, lr:1.000e-04> G_loss: 5.636e-01 
25-08-16 08:21:42.343 : <epoch: 22, iter: 127,000, lr:1.000e-04> G_loss: 6.988e-01 
25-08-16 08:27:00.865 : <epoch: 22, iter: 128,000, lr:1.000e-04> G_loss: 5.949e-01 
25-08-16 08:32:19.318 : <epoch: 22, iter: 129,000, lr:1.000e-04> G_loss: 6.568e-01 
25-08-16 08:37:38.382 : <epoch: 22, iter: 130,000, lr:1.000e-04> G_loss: 5.766e-01 
25-08-16 08:42:57.130 : <epoch: 22, iter: 131,000, lr:1.000e-04> G_loss: 5.546e-01 
25-08-16 08:48:16.099 : <epoch: 22, iter: 132,000, lr:1.000e-04> G_loss: 6.087e-01 
25-08-16 08:53:34.413 : <epoch: 22, iter: 133,000, lr:1.000e-04> G_loss: 6.141e-01 
25-08-16 08:58:52.715 : <epoch: 23, iter: 134,000, lr:1.000e-04> G_loss: 4.380e-01 
25-08-16 09:04:11.463 : <epoch: 23, iter: 135,000, lr:1.000e-04> G_loss: 6.252e-01 
25-08-16 09:09:30.054 : <epoch: 23, iter: 136,000, lr:1.000e-04> G_loss: 7.467e-01 
25-08-16 09:14:48.817 : <epoch: 23, iter: 137,000, lr:1.000e-04> G_loss: 6.139e-01 
25-08-16 09:20:07.629 : <epoch: 23, iter: 138,000, lr:1.000e-04> G_loss: 6.369e-01 
25-08-16 09:25:26.620 : <epoch: 23, iter: 139,000, lr:1.000e-04> G_loss: 6.520e-01 
25-08-16 09:30:44.963 : <epoch: 24, iter: 140,000, lr:1.000e-04> G_loss: 6.708e-01 
25-08-16 09:30:44.964 : Saving the model.
25-08-16 09:36:03.202 : <epoch: 24, iter: 141,000, lr:1.000e-04> G_loss: 6.706e-01 
25-08-16 09:41:21.082 : <epoch: 24, iter: 142,000, lr:1.000e-04> G_loss: 6.494e-01 
25-08-16 09:46:38.886 : <epoch: 24, iter: 143,000, lr:1.000e-04> G_loss: 5.859e-01 
25-08-16 09:51:57.099 : <epoch: 24, iter: 144,000, lr:1.000e-04> G_loss: 5.206e-01 
25-08-16 09:57:15.184 : <epoch: 24, iter: 145,000, lr:1.000e-04> G_loss: 6.117e-01 
25-08-16 10:02:34.036 : <epoch: 25, iter: 146,000, lr:1.000e-04> G_loss: 7.874e-01 
25-08-16 10:07:52.154 : <epoch: 25, iter: 147,000, lr:1.000e-04> G_loss: 5.020e-01 
25-08-16 10:13:10.231 : <epoch: 25, iter: 148,000, lr:1.000e-04> G_loss: 4.443e-01 
25-08-16 10:18:28.311 : <epoch: 25, iter: 149,000, lr:1.000e-04> G_loss: 7.817e-01 
25-08-16 10:23:46.400 : <epoch: 25, iter: 150,000, lr:1.000e-04> G_loss: 5.252e-01 
25-08-16 10:25:59.509 : <epoch: 25, iter: 150,000, Val PSNR: 13.96dB, Val SSIM: 0.7150
25-08-16 10:25:59.509 : Training samples this epoch: 9744
25-08-16 10:25:59.510 : Validation samples this check: 1343
25-08-16 10:25:59.510 : Saving PSNR checkpoint.
25-08-16 10:31:15.854 : <epoch: 25, iter: 151,000, lr:1.000e-04> G_loss: 5.398e-01 
25-08-16 10:36:33.341 : <epoch: 26, iter: 152,000, lr:1.000e-04> G_loss: 6.043e-01 
25-08-16 10:41:50.395 : <epoch: 26, iter: 153,000, lr:1.000e-04> G_loss: 9.590e-01 
25-08-16 10:47:07.682 : <epoch: 26, iter: 154,000, lr:1.000e-04> G_loss: 7.432e-01 
25-08-16 10:52:24.438 : <epoch: 26, iter: 155,000, lr:1.000e-04> G_loss: 4.325e-01 
25-08-16 10:57:41.146 : <epoch: 26, iter: 156,000, lr:1.000e-04> G_loss: 6.476e-01 
25-08-16 11:02:58.510 : <epoch: 26, iter: 157,000, lr:1.000e-04> G_loss: 5.940e-01 
25-08-16 11:08:16.453 : <epoch: 27, iter: 158,000, lr:1.000e-04> G_loss: 4.488e-01 
25-08-16 11:13:34.786 : <epoch: 27, iter: 159,000, lr:1.000e-04> G_loss: 6.104e-01 
25-08-16 11:18:52.614 : <epoch: 27, iter: 160,000, lr:1.000e-04> G_loss: 5.202e-01 
25-08-16 11:18:52.614 : Saving the model.
25-08-16 11:24:10.386 : <epoch: 27, iter: 161,000, lr:1.000e-04> G_loss: 5.556e-01 
25-08-16 11:29:27.694 : <epoch: 27, iter: 162,000, lr:1.000e-04> G_loss: 4.616e-01 
25-08-16 11:34:45.098 : <epoch: 27, iter: 163,000, lr:1.000e-04> G_loss: 8.254e-01 
25-08-16 11:40:02.899 : <epoch: 28, iter: 164,000, lr:1.000e-04> G_loss: 5.323e-01 
25-08-16 11:45:20.667 : <epoch: 28, iter: 165,000, lr:1.000e-04> G_loss: 5.561e-01 
25-08-16 11:50:38.022 : <epoch: 28, iter: 166,000, lr:1.000e-04> G_loss: 6.711e-01 
25-08-16 11:55:55.344 : <epoch: 28, iter: 167,000, lr:1.000e-04> G_loss: 5.747e-01 
25-08-16 12:01:13.137 : <epoch: 28, iter: 168,000, lr:1.000e-04> G_loss: 6.358e-01 
25-08-16 12:06:30.392 : <epoch: 28, iter: 169,000, lr:1.000e-04> G_loss: 3.583e-01 
25-08-16 12:11:47.926 : <epoch: 29, iter: 170,000, lr:1.000e-04> G_loss: 4.935e-01 
25-08-16 12:17:05.449 : <epoch: 29, iter: 171,000, lr:1.000e-04> G_loss: 4.128e-01 
25-08-16 12:22:23.139 : <epoch: 29, iter: 172,000, lr:1.000e-04> G_loss: 5.466e-01 
25-08-16 12:27:41.197 : <epoch: 29, iter: 173,000, lr:1.000e-04> G_loss: 5.215e-01 
25-08-16 12:33:04.942 : <epoch: 29, iter: 174,000, lr:1.000e-04> G_loss: 4.098e-01 
25-08-16 12:38:27.280 : <epoch: 29, iter: 175,000, lr:1.000e-04> G_loss: 6.766e-01 
25-08-16 12:43:45.091 : <epoch: 30, iter: 176,000, lr:1.000e-04> G_loss: 5.684e-01 
25-08-16 12:49:02.338 : <epoch: 30, iter: 177,000, lr:1.000e-04> G_loss: 3.643e-01 
25-08-16 12:54:19.501 : <epoch: 30, iter: 178,000, lr:1.000e-04> G_loss: 2.927e-01 
25-08-16 12:59:37.517 : <epoch: 30, iter: 179,000, lr:1.000e-04> G_loss: 6.271e-01 
25-08-16 13:04:55.682 : <epoch: 30, iter: 180,000, lr:1.000e-04> G_loss: 7.194e-01 
25-08-16 13:04:55.682 : Saving the model.
25-08-16 13:07:09.599 : <epoch: 30, iter: 180,000, Val PSNR: 13.60dB, Val SSIM: 0.5004
25-08-16 13:07:09.599 : Training samples this epoch: 9274
25-08-16 13:07:09.600 : Validation samples this check: 1343
25-08-16 13:07:09.600 : Saving PSNR checkpoint.
25-08-16 13:12:28.103 : <epoch: 30, iter: 181,000, lr:1.000e-04> G_loss: 5.292e-01 
25-08-16 13:17:47.301 : <epoch: 31, iter: 182,000, lr:1.000e-04> G_loss: 5.850e-01 
25-08-16 13:23:05.892 : <epoch: 31, iter: 183,000, lr:1.000e-04> G_loss: 5.813e-01 
25-08-16 13:28:24.503 : <epoch: 31, iter: 184,000, lr:1.000e-04> G_loss: 3.375e-01 
25-08-16 13:33:42.720 : <epoch: 31, iter: 185,000, lr:1.000e-04> G_loss: 4.172e-01 
25-08-16 13:39:01.254 : <epoch: 31, iter: 186,000, lr:1.000e-04> G_loss: 5.504e-01 
25-08-16 13:44:19.781 : <epoch: 31, iter: 187,000, lr:1.000e-04> G_loss: 8.825e-01 
25-08-16 13:49:38.217 : <epoch: 32, iter: 188,000, lr:1.000e-04> G_loss: 3.662e-01 
25-08-16 13:54:56.715 : <epoch: 32, iter: 189,000, lr:1.000e-04> G_loss: 4.716e-01 
25-08-16 14:00:15.043 : <epoch: 32, iter: 190,000, lr:1.000e-04> G_loss: 4.103e-01 
25-08-16 14:05:33.068 : <epoch: 32, iter: 191,000, lr:1.000e-04> G_loss: 5.237e-01 
25-08-16 14:10:51.486 : <epoch: 32, iter: 192,000, lr:1.000e-04> G_loss: 5.588e-01 
25-08-16 14:16:09.350 : <epoch: 32, iter: 193,000, lr:1.000e-04> G_loss: 4.904e-01 
25-08-16 14:21:27.905 : <epoch: 33, iter: 194,000, lr:1.000e-04> G_loss: 3.961e-01 
25-08-16 14:26:46.369 : <epoch: 33, iter: 195,000, lr:1.000e-04> G_loss: 4.287e-01 
25-08-16 14:32:04.390 : <epoch: 33, iter: 196,000, lr:1.000e-04> G_loss: 3.830e-01 
25-08-16 14:37:22.851 : <epoch: 33, iter: 197,000, lr:1.000e-04> G_loss: 4.045e-01 
25-08-16 14:42:41.306 : <epoch: 33, iter: 198,000, lr:1.000e-04> G_loss: 4.597e-01 
25-08-16 14:47:59.952 : <epoch: 33, iter: 199,000, lr:1.000e-04> G_loss: 5.320e-01 
25-08-16 14:53:18.674 : <epoch: 34, iter: 200,000, lr:2.500e-05> G_loss: 4.081e-01 
25-08-16 14:53:18.674 : Saving the model.
25-08-16 14:58:36.438 : <epoch: 34, iter: 201,000, lr:5.000e-05> G_loss: 4.957e-01 
25-08-16 15:03:54.407 : <epoch: 34, iter: 202,000, lr:5.000e-05> G_loss: 3.400e-01 
25-08-16 15:09:12.326 : <epoch: 34, iter: 203,000, lr:5.000e-05> G_loss: 3.700e-01 
25-08-16 15:14:30.696 : <epoch: 34, iter: 204,000, lr:5.000e-05> G_loss: 5.737e-01 
25-08-16 15:19:49.122 : <epoch: 34, iter: 205,000, lr:5.000e-05> G_loss: 4.755e-01 
25-08-16 15:25:07.750 : <epoch: 35, iter: 206,000, lr:5.000e-05> G_loss: 4.400e-01 
25-08-16 15:30:26.210 : <epoch: 35, iter: 207,000, lr:5.000e-05> G_loss: 3.487e-01 
25-08-16 15:35:43.939 : <epoch: 35, iter: 208,000, lr:5.000e-05> G_loss: 4.833e-01 
25-08-16 15:41:02.277 : <epoch: 35, iter: 209,000, lr:5.000e-05> G_loss: 3.510e-01 
25-08-16 15:46:20.380 : <epoch: 35, iter: 210,000, lr:5.000e-05> G_loss: 4.197e-01 
25-08-16 15:48:34.309 : <epoch: 35, iter: 210,000, Val PSNR: 14.30dB, Val SSIM: 0.7338
25-08-16 15:48:34.309 : Training samples this epoch: 8804
25-08-16 15:48:34.310 : Validation samples this check: 1343
25-08-16 15:48:34.310 : Saving PSNR checkpoint.
25-08-16 15:53:52.306 : <epoch: 35, iter: 211,000, lr:5.000e-05> G_loss: 3.507e-01 
25-08-16 15:59:10.304 : <epoch: 36, iter: 212,000, lr:5.000e-05> G_loss: 3.814e-01 
25-08-16 16:04:29.075 : <epoch: 36, iter: 213,000, lr:5.000e-05> G_loss: 3.583e-01 
25-08-16 16:09:47.568 : <epoch: 36, iter: 214,000, lr:5.000e-05> G_loss: 3.615e-01 
25-08-16 16:15:06.222 : <epoch: 36, iter: 215,000, lr:5.000e-05> G_loss: 4.027e-01 
25-08-16 16:20:24.071 : <epoch: 36, iter: 216,000, lr:5.000e-05> G_loss: 3.621e-01 
25-08-16 16:25:42.316 : <epoch: 36, iter: 217,000, lr:5.000e-05> G_loss: 3.681e-01 
25-08-16 16:31:00.634 : <epoch: 37, iter: 218,000, lr:5.000e-05> G_loss: 3.679e-01 
25-08-16 16:36:18.719 : <epoch: 37, iter: 219,000, lr:5.000e-05> G_loss: 4.329e-01 
25-08-16 16:41:37.119 : <epoch: 37, iter: 220,000, lr:5.000e-05> G_loss: 3.849e-01 
25-08-16 16:41:37.119 : Saving the model.
25-08-16 16:46:54.836 : <epoch: 37, iter: 221,000, lr:5.000e-05> G_loss: 4.289e-01 
25-08-16 16:52:12.465 : <epoch: 37, iter: 222,000, lr:5.000e-05> G_loss: 4.573e-01 
25-08-16 16:57:30.615 : <epoch: 37, iter: 223,000, lr:5.000e-05> G_loss: 4.001e-01 
25-08-16 17:02:50.910 : <epoch: 38, iter: 224,000, lr:5.000e-05> G_loss: 3.922e-01 
